Archive member included because of file (symbol)

/home/aghosh01/gcc-arm-none-eabi-4_7-2012q4/bin/../lib/gcc/arm-none-eabi/4.7.3/../../../../arm-none-eabi/lib/armv7e-m/softfp/libm.a(lib_a-w_pow.o)
                              ./src/main.o (pow)
/home/aghosh01/gcc-arm-none-eabi-4_7-2012q4/bin/../lib/gcc/arm-none-eabi/4.7.3/../../../../arm-none-eabi/lib/armv7e-m/softfp/libm.a(lib_a-w_sqrt.o)
                              ./src/pwm.o (sqrt)
/home/aghosh01/gcc-arm-none-eabi-4_7-2012q4/bin/../lib/gcc/arm-none-eabi/4.7.3/../../../../arm-none-eabi/lib/armv7e-m/softfp/libm.a(lib_a-e_pow.o)
                              /home/aghosh01/gcc-arm-none-eabi-4_7-2012q4/bin/../lib/gcc/arm-none-eabi/4.7.3/../../../../arm-none-eabi/lib/armv7e-m/softfp/libm.a(lib_a-w_pow.o) (__ieee754_pow)
/home/aghosh01/gcc-arm-none-eabi-4_7-2012q4/bin/../lib/gcc/arm-none-eabi/4.7.3/../../../../arm-none-eabi/lib/armv7e-m/softfp/libm.a(lib_a-e_sqrt.o)
                              /home/aghosh01/gcc-arm-none-eabi-4_7-2012q4/bin/../lib/gcc/arm-none-eabi/4.7.3/../../../../arm-none-eabi/lib/armv7e-m/softfp/libm.a(lib_a-w_sqrt.o) (__ieee754_sqrt)
/home/aghosh01/gcc-arm-none-eabi-4_7-2012q4/bin/../lib/gcc/arm-none-eabi/4.7.3/../../../../arm-none-eabi/lib/armv7e-m/softfp/libm.a(lib_a-s_fabs.o)
                              /home/aghosh01/gcc-arm-none-eabi-4_7-2012q4/bin/../lib/gcc/arm-none-eabi/4.7.3/../../../../arm-none-eabi/lib/armv7e-m/softfp/libm.a(lib_a-e_pow.o) (fabs)
/home/aghosh01/gcc-arm-none-eabi-4_7-2012q4/bin/../lib/gcc/arm-none-eabi/4.7.3/../../../../arm-none-eabi/lib/armv7e-m/softfp/libm.a(lib_a-s_finite.o)
                              /home/aghosh01/gcc-arm-none-eabi-4_7-2012q4/bin/../lib/gcc/arm-none-eabi/4.7.3/../../../../arm-none-eabi/lib/armv7e-m/softfp/libm.a(lib_a-w_pow.o) (finite)
/home/aghosh01/gcc-arm-none-eabi-4_7-2012q4/bin/../lib/gcc/arm-none-eabi/4.7.3/../../../../arm-none-eabi/lib/armv7e-m/softfp/libm.a(lib_a-s_fpclassify.o)
                              /home/aghosh01/gcc-arm-none-eabi-4_7-2012q4/bin/../lib/gcc/arm-none-eabi/4.7.3/../../../../arm-none-eabi/lib/armv7e-m/softfp/libm.a(lib_a-w_pow.o) (__fpclassifyd)
/home/aghosh01/gcc-arm-none-eabi-4_7-2012q4/bin/../lib/gcc/arm-none-eabi/4.7.3/../../../../arm-none-eabi/lib/armv7e-m/softfp/libm.a(lib_a-s_lib_ver.o)
                              /home/aghosh01/gcc-arm-none-eabi-4_7-2012q4/bin/../lib/gcc/arm-none-eabi/4.7.3/../../../../arm-none-eabi/lib/armv7e-m/softfp/libm.a(lib_a-w_pow.o) (__fdlib_version)
/home/aghosh01/gcc-arm-none-eabi-4_7-2012q4/bin/../lib/gcc/arm-none-eabi/4.7.3/../../../../arm-none-eabi/lib/armv7e-m/softfp/libm.a(lib_a-s_matherr.o)
                              /home/aghosh01/gcc-arm-none-eabi-4_7-2012q4/bin/../lib/gcc/arm-none-eabi/4.7.3/../../../../arm-none-eabi/lib/armv7e-m/softfp/libm.a(lib_a-w_pow.o) (matherr)
/home/aghosh01/gcc-arm-none-eabi-4_7-2012q4/bin/../lib/gcc/arm-none-eabi/4.7.3/../../../../arm-none-eabi/lib/armv7e-m/softfp/libm.a(lib_a-s_nan.o)
                              /home/aghosh01/gcc-arm-none-eabi-4_7-2012q4/bin/../lib/gcc/arm-none-eabi/4.7.3/../../../../arm-none-eabi/lib/armv7e-m/softfp/libm.a(lib_a-e_pow.o) (nan)
/home/aghosh01/gcc-arm-none-eabi-4_7-2012q4/bin/../lib/gcc/arm-none-eabi/4.7.3/../../../../arm-none-eabi/lib/armv7e-m/softfp/libm.a(lib_a-s_rint.o)
                              /home/aghosh01/gcc-arm-none-eabi-4_7-2012q4/bin/../lib/gcc/arm-none-eabi/4.7.3/../../../../arm-none-eabi/lib/armv7e-m/softfp/libm.a(lib_a-w_pow.o) (rint)
/home/aghosh01/gcc-arm-none-eabi-4_7-2012q4/bin/../lib/gcc/arm-none-eabi/4.7.3/../../../../arm-none-eabi/lib/armv7e-m/softfp/libm.a(lib_a-s_scalbn.o)
                              /home/aghosh01/gcc-arm-none-eabi-4_7-2012q4/bin/../lib/gcc/arm-none-eabi/4.7.3/../../../../arm-none-eabi/lib/armv7e-m/softfp/libm.a(lib_a-e_pow.o) (scalbn)
/home/aghosh01/gcc-arm-none-eabi-4_7-2012q4/bin/../lib/gcc/arm-none-eabi/4.7.3/../../../../arm-none-eabi/lib/armv7e-m/softfp/libm.a(lib_a-s_copysign.o)
                              /home/aghosh01/gcc-arm-none-eabi-4_7-2012q4/bin/../lib/gcc/arm-none-eabi/4.7.3/../../../../arm-none-eabi/lib/armv7e-m/softfp/libm.a(lib_a-s_scalbn.o) (copysign)
/home/aghosh01/gcc-arm-none-eabi-4_7-2012q4/bin/../lib/gcc/arm-none-eabi/4.7.3/armv7e-m/softfp/libgcc.a(_arm_addsubdf3.o)
                              /home/aghosh01/gcc-arm-none-eabi-4_7-2012q4/bin/../lib/gcc/arm-none-eabi/4.7.3/../../../../arm-none-eabi/lib/armv7e-m/softfp/libm.a(lib_a-e_pow.o) (__aeabi_dsub)
/home/aghosh01/gcc-arm-none-eabi-4_7-2012q4/bin/../lib/gcc/arm-none-eabi/4.7.3/armv7e-m/softfp/libgcc.a(_arm_muldivdf3.o)
                              ./src/interrupt_defs.o (__aeabi_dmul)
/home/aghosh01/gcc-arm-none-eabi-4_7-2012q4/bin/../lib/gcc/arm-none-eabi/4.7.3/armv7e-m/softfp/libgcc.a(_arm_cmpdf2.o)
                              /home/aghosh01/gcc-arm-none-eabi-4_7-2012q4/bin/../lib/gcc/arm-none-eabi/4.7.3/../../../../arm-none-eabi/lib/armv7e-m/softfp/libm.a(lib_a-w_pow.o) (__aeabi_dcmpeq)
[...]
Memory Configuration

Name             Origin             Length             Attributes
FLASH            0x08000000         0x00040000         xr
RAM              0x20000000         0x0000a000         xrw
MEMORY_B1        0x60000000         0x00000000         xr
CCMRAM           0x10000000         0x00002000         rw
*default*        0x00000000         0xffffffff

Linker script and memory map

LOAD /home/aghosh01/gcc-arm-none-eabi-4_7-2012q4/bin/../lib/gcc/arm-none-eabi/4.7.3/armv7e-m/softfp/crti.o
LOAD /home/aghosh01/gcc-arm-none-eabi-4_7-2012q4/bin/../lib/gcc/arm-none-eabi/4.7.3/armv7e-m/softfp/crtbegin.o
LOAD /home/aghosh01/gcc-arm-none-eabi-4_7-2012q4/bin/../lib/gcc/arm-none-eabi/4.7.3/../../../../arm-none-eabi/lib/armv7e-m/softfp/crt0.o
LOAD ./src/debug.o
LOAD ./src/encoder.o
LOAD ./src/interrupt_defs.o
LOAD ./src/main.o
LOAD ./src/newlib_stubs.o
LOAD ./src/os.o
LOAD ./src/pwm.o
LOAD ./src/startup_stm32f30x.o
LOAD ./src/stm32f30x_adc.o
LOAD ./src/stm32f30x_can.o
LOAD ./src/stm32f30x_comp.o
LOAD ./src/stm32f30x_crc.o
LOAD ./src/stm32f30x_dac.o
LOAD ./src/stm32f30x_dbgmcu.o
LOAD ./src/stm32f30x_dma.o
LOAD ./src/stm32f30x_exti.o
LOAD ./src/stm32f30x_flash.o
LOAD ./src/stm32f30x_gpio.o
LOAD ./src/stm32f30x_i2c.o
LOAD ./src/stm32f30x_iwdg.o
LOAD ./src/stm32f30x_misc.o
LOAD ./src/stm32f30x_opamp.o
LOAD ./src/stm32f30x_pwr.o
LOAD ./src/stm32f30x_rcc.o
LOAD ./src/stm32f30x_rtc.o
LOAD ./src/stm32f30x_spi.o
LOAD ./src/stm32f30x_syscfg.o
LOAD ./src/stm32f30x_tim.o
LOAD ./src/stm32f30x_usart.o
LOAD ./src/stm32f30x_wwdg.o
LOAD ./src/stm32f3_discovery_l3gd20.o
LOAD ./src/system_stm32f30x.o
LOAD /home/aghosh01/gcc-arm-none-eabi-4_7-2012q4/bin/../lib/gcc/arm-none-eabi/4.7.3/../../../../arm-none-eabi/lib/armv7e-m/softfp/libstdc++.a
LOAD /home/aghosh01/gcc-arm-none-eabi-4_7-2012q4/bin/../lib/gcc/arm-none-eabi/4.7.3/../../../../arm-none-eabi/lib/armv7e-m/softfp/libm.a
START GROUP
LOAD /home/aghosh01/gcc-arm-none-eabi-4_7-2012q4/bin/../lib/gcc/arm-none-eabi/4.7.3/armv7e-m/softfp/libgcc.a
LOAD /home/aghosh01/gcc-arm-none-eabi-4_7-2012q4/bin/../lib/gcc/arm-none-eabi/4.7.3/../../../../arm-none-eabi/lib/armv7e-m/softfp/libg.a
LOAD /home/aghosh01/gcc-arm-none-eabi-4_7-2012q4/bin/../lib/gcc/arm-none-eabi/4.7.3/../../../../arm-none-eabi/lib/armv7e-m/softfp/libc.a
END GROUP
LOAD /home/aghosh01/gcc-arm-none-eabi-4_7-2012q4/bin/../lib/gcc/arm-none-eabi/4.7.3/armv7e-m/softfp/crtend.o
LOAD /home/aghosh01/gcc-arm-none-eabi-4_7-2012q4/bin/../lib/gcc/arm-none-eabi/4.7.3/armv7e-m/softfp/crtn.o
                0x2000a000                _estack = 0x2000a000
                0x00000000                _Min_Heap_Size = 0x0
                0x00000200                _Min_Stack_Size = 0x200

.isr_vector     0x08000000      0x188
                0x08000000                . = ALIGN (0x4)
 *(.isr_vector)
 .isr_vector    0x08000000      0x188 ./src/startup_stm32f30x.o
                0x08000000                g_pfnVectors
                0x08000188                . = ALIGN (0x4)

.text           0x08000188    0x137b0
                0x08000188                . = ALIGN (0x4)
 *(.text)
 .text          0x08000188       0x54 /home/aghosh01/gcc-arm-none-eabi-4_7-2012q4/bin/../lib/gcc/arm-none-eabi/4.7.3/armv7e-m/softfp/crtbegin.o
 .text          0x080001dc      0x254 ./src/debug.o
                0x080001dc                blink_leds()
                0x08000268                UART1_init()
                0x08000364                LED_MATRIX_ISR_init()
 .text          0x08000430     0x1358 ./src/interrupt_defs.o
                0x08000430                TIM7_IRQHandler
                0x080008e0                TIM1_TRG_COM_TIM17_IRQHandler
                0x08000a2c                TIM6_DAC_IRQHandler
                0x08000c54                ADC1_2_IRQHandler
                0x08000c98                DMA1_Channel1_IRQHandler
                0x08000cb4                DMA2_Channel1_IRQHandler
                0x08000cd4                ADC3_IRQHandler
                0x08000dc8                EXTI9_5_IRQHandler
                0x08000e98                update_pid
                0x08001734                SVC_Handler
                0x08001758                PendSV_Handler
                0x0800177c                SysTick_Handler
 .text          0x08001788     0x12a8 ./src/main.o
                0x08001788                task1()
                0x080017ac                task2()
                0x080017d0                main
                0x0800182c                trinity2013_waitForStart()
                0x080018b8                IR_distance(int)
                0x08001a3c                imu_update_ISR_init()
                0x08001b20                L3GD20_TIMEOUT_UserCallback
                0x08001b38                brake_pins_init()
                0x08001bb0                ping_pin_init()
                0x08001c40                timer2_timebase_init()
                0x08001c94                comp_init()
                0x08001fe0                calc_gyro_bias()
                0x08002068                adc1_init_DMA()
                0x080022dc                adc2_init_DMA()
                0x08002620                battery_watchdog_init()
                0x08002880                adc1_init()
 .text          0x08002a30      0x3d4 ./src/newlib_stubs.o
                0x08002a30                _exit
                0x08002a50                _close
                0x08002a68                _execve
                0x08002a94                _fork
                0x08002ab4                _fstat
                0x08002ad8                _getpid
                0x08002ae8                _isatty
                0x08002b20                _kill
                0x08002b48                _link
                0x08002b70                _lseek
                0x08002b8c                _sbrk
                0x08002c28                _read
                0x08002cb4                _stat
                0x08002cd8                _times
                0x08002cf0                _unlink
                0x08002d18                _wait
                0x08002d40                _write
 .text          0x08002e04      0x170 ./src/os.o
                0x08002ec4                read_current_msp_val()
                0x08002ee0                processTable_init(process_block*)
                0x08002f1c                create_task(void*, process_block*)
                0x08002f38                OS_init(process_block*)
 .text          0x08002f74      0x7bc ./src/pwm.o
                0x08002f74                pwm_out1_init(unsigned short)
                0x080030c8                pwm1_output(float)
                0x0800310c                pwm_out2_init(unsigned short)
                0x08003260                pwm2_output(float)
                0x080032a4                pwm_out3_init(unsigned short)
                0x08003408                pwm3_output(float)
                0x0800344c                config_pwm_freq(int, int*, int*)
 .text          0x08003730     0x138c ./src/stm32f30x_adc.o
                0x08003730                ADC_DeInit
                0x080037a4                ADC_Init
                0x08003828                ADC_StructInit
                0x0800387c                ADC_InjectedInit
                0x080038e8                ADC_InjectedStructInit
                0x08003934                ADC_CommonInit
                0x080039f4                ADC_CommonStructInit
                0x08003a30                ADC_Cmd
                0x08003a68                ADC_StartCalibration
                0x08003a88                ADC_GetCalibrationValue
                0x08003aa4                ADC_SetCalibrationValue
                0x08003ac0                ADC_SelectCalibrationMode
                0x08003aec                ADC_GetCalibrationStatus
                0x08003b20                ADC_DisableCmd
                0x08003b40                ADC_GetDisableCmdStatus
                0x08003b78                ADC_VoltageRegulatorCmd
                0x08003bbc                ADC_SelectDifferentialMode
                0x08003c14                ADC_SelectQueueOfContextMode
                0x08003c4c                ADC_AutoDelayCmd
                0x08003c84                ADC_AnalogWatchdogCmd
                0x08003cbc                ADC_AnalogWatchdog1ThresholdsConfig
                0x08003d14                ADC_AnalogWatchdog2ThresholdsConfig
                0x08003d64                ADC_AnalogWatchdog3ThresholdsConfig
                0x08003db4                ADC_AnalogWatchdog1SingleChannelConfig
                0x08003df0                ADC_AnalogWatchdog2SingleChannelConfig
                0x08003e44                ADC_AnalogWatchdog3SingleChannelConfig
                0x08003e98                ADC_TempSensorCmd
                0x08003f38                ADC_VrefintCmd
                0x08003fd8                ADC_VbatCmd
                0x08004078                ADC_RegularChannelConfig
                0x080042a4                ADC_RegularChannelSequencerLengthConfig
                0x080042d8                ADC_ExternalTriggerConfig
                0x08004310                ADC_StartConversion
                0x08004330                ADC_GetStartConversionStatus
                0x08004368                ADC_StopConversion
                0x08004388                ADC_DiscModeChannelCountConfig
                0x080043d4                ADC_DiscModeCmd
                0x0800440c                ADC_GetConversionValue
                0x08004428                ADC_GetDualModeConversionValue
                0x08004474                ADC_SetChannelOffset1
                0x080044c8                ADC_SetChannelOffset2
                0x0800451c                ADC_SetChannelOffset3
                0x08004570                ADC_SetChannelOffset4
                0x080045c4                ADC_ChannelOffset1Cmd
                0x080045fc                ADC_ChannelOffset2Cmd
                0x08004634                ADC_ChannelOffset3Cmd
                0x0800466c                ADC_ChannelOffset4Cmd
                0x080046a4                ADC_DMACmd
                0x080046dc                ADC_DMAConfig
                0x08004708                ADC_InjectedChannelSampleTimeConfig
                0x080047bc                ADC_StartInjectedConversion
                0x080047dc                ADC_StopInjectedConversion
                0x080047fc                ADC_GetStartInjectedConversionStatus
                0x08004834                ADC_AutoInjectedConvCmd
                0x0800486c                ADC_InjectedDiscModeCmd
                0x080048a4                ADC_GetInjectedConversionValue
                0x080048e4                ADC_ITConfig
                0x08004920                ADC_GetFlagStatus
                0x08004958                ADC_ClearFlag
                0x08004974                ADC_GetCommonFlagStatus
                0x080049e0                ADC_ClearCommonFlag
                0x08004a3c                ADC_GetITStatus
                0x08004a9c                ADC_ClearITPendingBit
 .text          0x08004abc      0x280 ./src/stm32f30x_comp.o
                0x08004abc                COMP_DeInit
                0x08004ae0                COMP_Init
                0x08004b50                COMP_StructInit
                0x08004b9c                COMP_Cmd
                0x08004c00                COMP_SwitchCmd
                0x08004c64                COMP_GetOutputLevel
                0x08004ca4                COMP_WindowCmd
                0x08004d08                COMP_LockConfig
 .text          0x08004d3c      0x4e8 ./src/stm32f30x_dma.o
                0x08004d3c                DMA_DeInit
                0x08004f5c                DMA_Init
                0x08004fdc                DMA_StructInit
                0x08005048                DMA_Cmd
                0x08005080                DMA_SetCurrDataCounter
                0x0800509c                DMA_GetCurrDataCounter
                0x080050b8                DMA_ITConfig
                0x080050f4                DMA_GetFlagStatus
                0x08005154                DMA_ClearFlag
                0x0800518c                DMA_GetITStatus
                0x080051ec                DMA_ClearITPendingBit
 .text          0x08005224      0x50c ./src/stm32f30x_exti.o
                0x08005224                EXTI_DeInit
                0x080052d8                EXTI_Init
                0x08005560                EXTI_StructInit
                0x08005594                EXTI_GenerateSWInterrupt
                0x080055e4                EXTI_GetFlagStatus
                0x08005638                EXTI_ClearFlag
                0x08005670                EXTI_GetITStatus
                0x080056f8                EXTI_ClearITPendingBit
 .text          0x08005730      0x4ac ./src/stm32f30x_gpio.o
                0x08005730                GPIO_DeInit
                0x08005828                GPIO_Init
                0x08005978                GPIO_StructInit
                0x080059b4                GPIO_PinLockConfig
                0x080059f8                GPIO_ReadInputDataBit
                0x08005a38                GPIO_ReadInputData
                0x08005a54                GPIO_ReadOutputDataBit
                0x08005a94                GPIO_ReadOutputData
                0x08005ab0                GPIO_SetBits
                0x08005acc                GPIO_ResetBits
                0x08005ae8                GPIO_WriteBit
                0x08005b18                GPIO_Write
                0x08005b34                GPIO_PinAFConfig
 .text          0x08005bdc      0x1dc ./src/stm32f30x_misc.o
                0x08005bdc                NVIC_PriorityGroupConfig
                0x08005c04                NVIC_Init
                0x08005cec                NVIC_SetVectorTable
                0x08005d18                NVIC_SystemLPConfig
                0x08005d6c                SysTick_CLKSourceConfig
 .text          0x08005db8     0x104c ./src/stm32f30x_rcc.o
                0x08005db8                RCC_DeInit
                0x08005e8c                RCC_HSEConfig
                0x08005ebc                RCC_WaitForHSEStartUp
                0x08005f20                RCC_AdjustHSICalibrationValue
                0x08005f68                RCC_HSICmd
                0x08005f88                RCC_LSEConfig
                0x08005fe4                RCC_LSEDriveConfig
                0x08006028                RCC_LSICmd
                0x08006048                RCC_PLLConfig
                0x08006090                RCC_PLLCmd
                0x080060b0                RCC_PREDIV1Config
                0x080060f0                RCC_ClockSecuritySystemCmd
                0x08006110                RCC_MCOConfig
                0x08006130                RCC_SYSCLKConfig
                0x08006170                RCC_GetSYSCLKSource
                0x08006190                RCC_HCLKConfig
                0x080061d0                RCC_PCLK1Config
                0x08006210                RCC_PCLK2Config
                0x08006254                RCC_GetClocksFreq
                0x080067a4                RCC_ADCCLKConfig
                0x08006814                RCC_I2CCLKConfig
                0x08006884                RCC_TIMCLKConfig
                0x080068f4                RCC_USARTCLKConfig
                0x080069d8                RCC_USBCLKConfig
                0x080069f8                RCC_RTCCLKConfig
                0x08006a24                RCC_I2SCLKConfig
                0x08006a44                RCC_RTCCLKCmd
                0x08006a64                RCC_BackupResetCmd
                0x08006a84                RCC_AHBPeriphClockCmd
                0x08006ad8                RCC_APB2PeriphClockCmd
                0x08006b2c                RCC_APB1PeriphClockCmd
                0x08006b80                RCC_AHBPeriphResetCmd
                0x08006bd4                RCC_APB2PeriphResetCmd
                0x08006c28                RCC_APB1PeriphResetCmd
                0x08006c7c                RCC_ITConfig
                0x08006cdc                RCC_GetFlagStatus
                0x08006d80                RCC_ClearFlag
                0x08006da4                RCC_GetITStatus
                0x08006de4                RCC_ClearITPendingBit
 .text          0x08006e04      0xa5c ./src/stm32f30x_spi.o
                0x08006e04                SPI_I2S_DeInit
                0x08006e8c                SPI_StructInit
                0x08006ee8                SPI_Init
                0x08007000                I2S_StructInit
                0x08007044                I2S_Init
                0x080071f0                SPI_Cmd
                0x08007230                SPI_TIModeCmd
                0x08007270                I2S_Cmd
                0x080072b0                SPI_DataSizeConfig
                0x080072e8                SPI_RxFIFOThresholdConfig
                0x08007320                SPI_BiDirectionalLineConfig
                0x08007360                SPI_NSSInternalSoftwareConfig
                0x080073a4                I2S_FullDuplexConfig
                0x08007448                SPI_SSOutputCmd
                0x08007488                SPI_NSSPulseModeCmd
                0x080074c8                SPI_SendData8
                0x080074f8                SPI_I2S_SendData16
                0x08007514                SPI_ReceiveData8
                0x08007540                SPI_I2S_ReceiveData16
                0x0800755c                SPI_CRCLengthConfig
                0x08007594                SPI_CalculateCRC
                0x080075d4                SPI_TransmitCRC
                0x080075f8                SPI_GetCRC
                0x0800762c                SPI_GetCRCPolynomial
                0x08007648                SPI_I2S_DMACmd
                0x08007690                SPI_LastDMATransferCmd
                0x080076c8                SPI_I2S_ITConfig
                0x08007734                SPI_GetTransmissionFIFOStatus
                0x08007754                SPI_GetReceptionFIFOStatus
                0x08007774                SPI_I2S_GetFlagStatus
                0x080077b4                SPI_I2S_ClearFlag
                0x080077d8                SPI_I2S_GetITStatus
 .text          0x08007860      0x40c ./src/stm32f30x_syscfg.o
                0x08007860                SYSCFG_DeInit
                0x080078f0                SYSCFG_MemoryRemapConfig
                0x08007930                SYSCFG_DMAChannelRemapConfig
                0x08007984                SYSCFG_TriggerRemapConfig
                0x080079d8                SYSCFG_EncoderRemapConfig
                0x08007a1c                SYSCFG_USBInterruptLineRemapCmd
                0x08007a3c                SYSCFG_I2CFastModePlusConfig
                0x08007a90                SYSCFG_ITConfig
                0x08007ae4                SYSCFG_EXTILineConfig
                0x08007b94                SYSCFG_BreakConfig
                0x08007bc0                SYSCFG_BypassParityCheckDisable
                0x08007bd8                SYSCFG_SRAMWRPEnable
                0x08007c04                SYSCFG_GetFlagStatus
                0x08007c40                SYSCFG_ClearFlag
 .text          0x08007c6c     0x21b4 ./src/stm32f30x_tim.o
                0x08007c6c                TIM_DeInit
                0x08007e04                TIM_TimeBaseInit
                0x08007f14                TIM_TimeBaseStructInit
                0x08007f50                TIM_PrescalerConfig
                0x08007f78                TIM_CounterModeConfig
                0x08007fb0                TIM_SetCounter
                0x08007fcc                TIM_SetAutoreload
                0x08007fe8                TIM_GetCounter
                0x08008000                TIM_GetPrescaler
                0x0800801c                TIM_UpdateDisableConfig
                0x0800805c                TIM_UpdateRequestConfig
                0x0800809c                TIM_UIFRemap
                0x080080dc                TIM_ARRPreloadConfig
                0x0800811c                TIM_SelectOnePulseMode
                0x08008154                TIM_SetClockDivision
                0x0800818c                TIM_Cmd
                0x080081cc                TIM_OC1Init
                0x080082f4                TIM_OC2Init
                0x0800840c                TIM_OC3Init
                0x0800851c                TIM_OC4Init
                0x080085f0                TIM_OC5Init
                0x080086b8                TIM_OC6Init
                0x08008774                TIM_SelectGC5C1
                0x080087ac                TIM_SelectGC5C2
                0x080087e4                TIM_SelectGC5C3
                0x0800881c                TIM_OCStructInit
                0x08008870                TIM_SelectOCxM
                0x0800892c                TIM_SetCompare1
                0x08008948                TIM_SetCompare2
                0x08008964                TIM_SetCompare3
                0x08008980                TIM_SetCompare4
                0x0800899c                TIM_SetCompare5
                0x080089b8                TIM_SetCompare6
                0x080089d4                TIM_ForcedOC1Config
                0x08008a10                TIM_ForcedOC2Config
                0x08008a50                TIM_ForcedOC3Config
                0x08008a88                TIM_ForcedOC4Config
                0x08008ac4                TIM_ForcedOC5Config
                0x08008afc                TIM_ForcedOC6Config
                0x08008b38                TIM_OC1PreloadConfig
                0x08008b70                TIM_OC2PreloadConfig
                0x08008bac                TIM_OC3PreloadConfig
                0x08008be4                TIM_OC4PreloadConfig
                0x08008c20                TIM_OC5PreloadConfig
                0x08008c58                TIM_OC6PreloadConfig
                0x08008c94                TIM_OC1FastConfig
                0x08008ccc                TIM_OC2FastConfig
                0x08008d08                TIM_OC3FastConfig
                0x08008d40                TIM_OC4FastConfig
                0x08008d7c                TIM_ClearOC1Ref
                0x08008db4                TIM_ClearOC2Ref
                0x08008df0                TIM_ClearOC3Ref
                0x08008e28                TIM_ClearOC4Ref
                0x08008e64                TIM_ClearOC5Ref
                0x08008e9c                TIM_ClearOC6Ref
                0x08008ed8                TIM_SelectOCREFClear
                0x08008f08                TIM_OC1PolarityConfig
                0x08008f40                TIM_OC1NPolarityConfig
                0x08008f78                TIM_OC2PolarityConfig
                0x08008fb4                TIM_OC2NPolarityConfig
                0x08008ff0                TIM_OC3PolarityConfig
                0x0800902c                TIM_OC3NPolarityConfig
                0x08009068                TIM_OC4PolarityConfig
                0x080090a4                TIM_OC5PolarityConfig
                0x080090e0                TIM_OC6PolarityConfig
                0x0800911c                TIM_CCxCmd
                0x0800916c                TIM_CCxNCmd
                0x080091bc                TIM_ICInit
                0x08009264                TIM_ICStructInit
                0x080092a0                TIM_PWMIConfig
                0x08009364                TIM_GetCapture1
                0x0800937c                TIM_GetCapture2
                0x08009394                TIM_GetCapture3
                0x080093ac                TIM_GetCapture4
                0x080093c4                TIM_SetIC1Prescaler
                0x080093f4                TIM_SetIC2Prescaler
                0x08009428                TIM_SetIC3Prescaler
                0x08009458                TIM_SetIC4Prescaler
                0x08009490                TIM_BDTRConfig
                0x080094e0                TIM_Break1Config
                0x08009518                TIM_Break2Config
                0x08009550                TIM_Break1Cmd
                0x08009588                TIM_Break2Cmd
                0x080095c0                TIM_BDTRStructInit
                0x0800960c                TIM_CtrlPWMOutputs
                0x08009648                TIM_SelectCOM
                0x08009680                TIM_CCPreloadControl
                0x080096b8                TIM_ITConfig
                0x080096f8                TIM_GenerateEvent
                0x08009714                TIM_GetFlagStatus
                0x0800974c                TIM_ClearFlag
                0x08009770                TIM_GetITStatus
                0x080097d0                TIM_ClearITPendingBit
                0x080097f4                TIM_DMAConfig
                0x0800981c                TIM_DMACmd
                0x0800985c                TIM_SelectCCDMA
                0x08009894                TIM_InternalClockConfig
                0x080098b4                TIM_ITRxExternalClockConfig
                0x080098e0                TIM_TIxExternalClockConfig
                0x08009934                TIM_ETRClockMode1Config
                0x08009988                TIM_ETRClockMode2Config
                0x080099b8                TIM_SelectInputTrigger
                0x080099f0                TIM_SelectOutputTrigger
                0x08009a20                TIM_SelectOutputTrigger2
                0x08009a4c                TIM_SelectSlaveMode
                0x08009a7c                TIM_SelectMasterSlaveMode
                0x08009aac                TIM_ETRConfig
                0x08009af8                TIM_EncoderInterfaceConfig
                0x08009b8c                TIM_SelectHallSensor
                0x08009bc4                TIM_RemapConfig
 .text          0x08009e20      0xcf8 ./src/stm32f30x_usart.o
                0x08009e20                USART_DeInit
                0x08009ef8                USART_Init
                0x0800a088                USART_StructInit
                0x0800a0cc                USART_ClockInit
                0x0800a118                USART_ClockStructInit
                0x0800a14c                USART_Cmd
                0x0800a184                USART_DirectionModeCmd
                0x0800a1c0                USART_OverSampling8Cmd
                0x0800a1f8                USART_OneBitMethodCmd
                0x0800a230                USART_MSBFirstCmd
                0x0800a268                USART_DataInvCmd
                0x0800a2a0                USART_InvPinCmd
                0x0800a2dc                USART_SWAPPinCmd
                0x0800a314                USART_ReceiverTimeOutCmd
                0x0800a34c                USART_SetReceiverTimeOut
                0x0800a378                USART_SetPrescaler
                0x0800a3b0                USART_STOPModeCmd
                0x0800a3e8                USART_StopModeWakeUpSourceConfig
                0x0800a414                USART_AutoBaudRateCmd
                0x0800a44c                USART_AutoBaudRateConfig
                0x0800a478                USART_SendData
                0x0800a4a0                USART_ReceiveData
                0x0800a4c4                USART_SetAddress
                0x0800a4f8                USART_MuteModeCmd
                0x0800a530                USART_MuteModeWakeUpConfig
                0x0800a55c                USART_AddressDetectionConfig
                0x0800a588                USART_LINBreakDetectLengthConfig
                0x0800a5b4                USART_LINCmd
                0x0800a5ec                USART_HalfDuplexCmd
                0x0800a624                USART_SetGuardTime
                0x0800a660                USART_SmartCardCmd
                0x0800a698                USART_SmartCardNACKCmd
                0x0800a6d0                USART_SetAutoRetryCount
                0x0800a704                USART_SetBlockLength
                0x0800a738                USART_IrDAConfig
                0x0800a764                USART_IrDACmd
                0x0800a79c                USART_DECmd
                0x0800a7d4                USART_DEPolarityConfig
                0x0800a800                USART_SetDEAssertionTime
                0x0800a830                USART_SetDEDeassertionTime
                0x0800a860                USART_DMACmd
                0x0800a89c                USART_DMAReceptionErrorConfig
                0x0800a8c8                USART_ITConfig
                0x0800a95c                USART_RequestCmd
                0x0800a9a8                USART_OverrunDetectionConfig
                0x0800a9d4                USART_GetFlagStatus
                0x0800aa0c                USART_ClearFlag
                0x0800aa28                USART_GetITStatus
                0x0800aadc                USART_ClearITPendingBit
 .text          0x0800ab18      0x648 ./src/stm32f3_discovery_l3gd20.o
                0x0800ab18                L3GD20_Init
                0x0800ab9c                L3GD20_RebootCmd
                0x0800abd8                L3GD20_INT1InterruptConfig
                0x0800ac70                L3GD20_INT1InterruptCmd
                0x0800acbc                L3GD20_INT2InterruptCmd
                0x0800ad08                L3GD20_FilterConfig
                0x0800ad5c                L3GD20_FilterCmd
                0x0800ada8                L3GD20_GetDataStatus
                0x0800adcc                L3GD20_Write
                0x0800ae3c                L3GD20_Read
 .text          0x0800b160      0x3a8 ./src/system_stm32f30x.o
                0x0800b160                SystemInit
                0x0800b25c                SystemCoreClockUpdate
 .text          0x0800b508      0x370 /home/aghosh01/gcc-arm-none-eabi-4_7-2012q4/bin/../lib/gcc/arm-none-eabi/4.7.3/armv7e-m/softfp/libgcc.a(_arm_addsubdf3.o)
                0x0800b508                __aeabi_drsub
                0x0800b510                __aeabi_dsub
                0x0800b510                __subdf3
                0x0800b514                __adddf3
                0x0800b514                __aeabi_dadd
                0x0800b78c                __aeabi_ui2d
                0x0800b78c                __floatunsidf
                0x0800b7ac                __floatsidf
                0x0800b7ac                __aeabi_i2d
                0x0800b7d0                __extendsfdf2
                0x0800b7d0                __aeabi_f2d
                0x0800b80c                __aeabi_ul2d
                0x0800b80c                __floatundidf
                0x0800b81c                __floatdidf
                0x0800b81c                __aeabi_l2d
 .text          0x0800b878      0x424 /home/aghosh01/gcc-arm-none-eabi-4_7-2012q4/bin/../lib/gcc/arm-none-eabi/4.7.3/armv7e-m/softfp/libgcc.a(_arm_muldivdf3.o)
                0x0800b878                __aeabi_dmul
                0x0800b878                __muldf3
                0x0800bacc                __aeabi_ddiv
                0x0800bacc                __divdf3
 .text          0x0800bc9c      0x110 /home/aghosh01/gcc-arm-none-eabi-4_7-2012q4/bin/../lib/gcc/arm-none-eabi/4.7.3/armv7e-m/softfp/libgcc.a(_arm_cmpdf2.o)
                0x0800bc9c                __gtdf2
                0x0800bc9c                __gedf2
                0x0800bca4                __ltdf2
                0x0800bca4                __ledf2
                0x0800bcac                __cmpdf2
                0x0800bcac                __eqdf2
                0x0800bcac                __nedf2
                0x0800bd28                __aeabi_cdrcmple
                0x0800bd38                __aeabi_cdcmple
                0x0800bd38                __aeabi_cdcmpeq
                0x0800bd48                __aeabi_dcmpeq
                0x0800bd5c                __aeabi_dcmplt
                0x0800bd70                __aeabi_dcmple
                0x0800bd84                __aeabi_dcmpge
                0x0800bd98                __aeabi_dcmpgt
 .text          0x0800bdac       0x50 /home/aghosh01/gcc-arm-none-eabi-4_7-2012q4/bin/../lib/gcc/arm-none-eabi/4.7.3/armv7e-m/softfp/libgcc.a(_arm_fixdfsi.o)
                0x0800bdac                __fixdfsi
                0x0800bdac                __aeabi_d2iz
 .text          0x0800bdfc       0xa0 /home/aghosh01/gcc-arm-none-eabi-4_7-2012q4/bin/../lib/gcc/arm-none-eabi/4.7.3/armv7e-m/softfp/libgcc.a(_arm_truncdfsf2.o)
                0x0800bdfc                __aeabi_d2f
                0x0800bdfc                __truncdfsf2
 .text          0x0800be9c       0x2c /home/aghosh01/gcc-arm-none-eabi-4_7-2012q4/bin/../lib/gcc/arm-none-eabi/4.7.3/armv7e-m/softfp/libgcc.a(_aeabi_uldivmod.o)
                0x0800be9c                __aeabi_uldivmod
 .text          0x0800bec8       0x58 /home/aghosh01/gcc-arm-none-eabi-4_7-2012q4/bin/../lib/gcc/arm-none-eabi/4.7.3/armv7e-m/softfp/libgcc.a(bpabi.o)
                0x0800bec8                __gnu_ldivmod_helper
                0x0800bef4                __gnu_uldivmod_helper
 .text          0x0800bf20        0x4 /home/aghosh01/gcc-arm-none-eabi-4_7-2012q4/bin/../lib/gcc/arm-none-eabi/4.7.3/armv7e-m/softfp/libgcc.a(_dvmd_tls.o)
                0x0800bf20                __aeabi_ldiv0
                0x0800bf20                __aeabi_idiv0
 .text          0x0800bf24      0x2bc /home/aghosh01/gcc-arm-none-eabi-4_7-2012q4/bin/../lib/gcc/arm-none-eabi/4.7.3/armv7e-m/softfp/libgcc.a(_divdi3.o)
                0x0800bf24                __divdi3
 .text          0x0800c1e0      0x288 /home/aghosh01/gcc-arm-none-eabi-4_7-2012q4/bin/../lib/gcc/arm-none-eabi/4.7.3/armv7e-m/softfp/libgcc.a(_udivdi3.o)
                0x0800c1e0                __udivdi3
 *(.text*)
 .text.Reset_Handler
                0x0800c468       0x4c ./src/startup_stm32f30x.o
                0x0800c468                Reset_Handler
 .text.Default_Handler
                0x0800c4b4        0x4 ./src/startup_stm32f30x.o
                0x0800c4b4                RTC_Alarm_IRQHandler
                0x0800c4b4                TIM8_TRG_COM_IRQHandler
                0x0800c4b4                TIM8_CC_IRQHandler
                0x0800c4b4                DebugMon_Handler
                0x0800c4b4                TIM1_CC_IRQHandler
                0x0800c4b4                HardFault_Handler
                0x0800c4b4                USB_HP_IRQHandler
                0x0800c4b4                PVD_IRQHandler
                0x0800c4b4                NMI_Handler
                0x0800c4b4                EXTI3_IRQHandler
                0x0800c4b4                EXTI0_IRQHandler
                0x0800c4b4                I2C2_EV_IRQHandler
                0x0800c4b4                FPU_IRQHandler
                0x0800c4b4                EXTI2_TS_IRQHandler
                0x0800c4b4                TIM1_UP_TIM16_IRQHandler
                0x0800c4b4                UsageFault_Handler
                0x0800c4b4                SPI1_IRQHandler
                0x0800c4b4                TIM8_UP_IRQHandler
                0x0800c4b4                DMA2_Channel2_IRQHandler
                0x0800c4b4                DMA1_Channel4_IRQHandler
                0x0800c4b4                USART3_IRQHandler
                0x0800c4b4                DMA1_Channel7_IRQHandler
                0x0800c4b4                CAN1_RX1_IRQHandler
                0x0800c4b4                UART5_IRQHandler
                0x0800c4b4                TIM4_IRQHandler
                0x0800c4b4                I2C1_EV_IRQHandler
                0x0800c4b4                DMA1_Channel6_IRQHandler
                0x0800c4b4                UART4_IRQHandler
                0x0800c4b4                DMA2_Channel4_IRQHandler
                0x0800c4b4                TIM3_IRQHandler
                0x0800c4b4                RCC_IRQHandler
                0x0800c4b4                Default_Handler
                0x0800c4b4                USBWakeUp_RMP_IRQHandler
                0x0800c4b4                EXTI15_10_IRQHandler
                0x0800c4b4                TAMPER_STAMP_IRQHandler
                0x0800c4b4                RTC_WKUP_IRQHandler
                0x0800c4b4                SPI2_IRQHandler
                0x0800c4b4                MemManage_Handler
                0x0800c4b4                DMA2_Channel5_IRQHandler
                0x0800c4b4                DMA1_Channel5_IRQHandler
                0x0800c4b4                USB_LP_IRQHandler
                0x0800c4b4                EXTI4_IRQHandler
                0x0800c4b4                USB_LP_CAN1_RX0_IRQHandler
                0x0800c4b4                USB_HP_CAN1_TX_IRQHandler
                0x0800c4b4                DMA1_Channel3_IRQHandler
                0x0800c4b4                ADC4_IRQHandler
                0x0800c4b4                WWDG_IRQHandler
                0x0800c4b4                TIM2_IRQHandler
                0x0800c4b4                COMP7_IRQHandler
                0x0800c4b4                COMP1_2_3_IRQHandler
                0x0800c4b4                EXTI1_IRQHandler
                0x0800c4b4                USART2_IRQHandler
                0x0800c4b4                COMP4_5_6_IRQHandler
                0x0800c4b4                I2C2_ER_IRQHandler
                0x0800c4b4                DMA1_Channel2_IRQHandler
                0x0800c4b4                TIM8_BRK_IRQHandler
                0x0800c4b4                CAN1_SCE_IRQHandler
                0x0800c4b4                FLASH_IRQHandler
                0x0800c4b4                BusFault_Handler
                0x0800c4b4                USART1_IRQHandler
                0x0800c4b4                SPI3_IRQHandler
                0x0800c4b4                I2C1_ER_IRQHandler
                0x0800c4b4                USBWakeUp_IRQHandler
                0x0800c4b4                DMA2_Channel3_IRQHandler
                0x0800c4b4                TIM1_BRK_TIM15_IRQHandler
 .text.pow      0x0800c4b8      0x32c /home/aghosh01/gcc-arm-none-eabi-4_7-2012q4/bin/../lib/gcc/arm-none-eabi/4.7.3/../../../../arm-none-eabi/lib/armv7e-m/softfp/libm.a(lib_a-w_pow.o)
                0x0800c4b8                pow
 .text.sqrt     0x0800c7e4       0xa8 /home/aghosh01/gcc-arm-none-eabi-4_7-2012q4/bin/../lib/gcc/arm-none-eabi/4.7.3/../../../../arm-none-eabi/lib/armv7e-m/softfp/libm.a(lib_a-w_sqrt.o)
                0x0800c7e4                sqrt
 *fill*         0x0800c88c        0x4 00
 .text.__ieee754_pow
                0x0800c890      0xb30 /home/aghosh01/gcc-arm-none-eabi-4_7-2012q4/bin/../lib/gcc/arm-none-eabi/4.7.3/../../../../arm-none-eabi/lib/armv7e-m/softfp/libm.a(lib_a-e_pow.o)
                0x0800c890                __ieee754_pow
 .text.__ieee754_sqrt
                0x0800d3c0      0x208 /home/aghosh01/gcc-arm-none-eabi-4_7-2012q4/bin/../lib/gcc/arm-none-eabi/4.7.3/../../../../arm-none-eabi/lib/armv7e-m/softfp/libm.a(lib_a-e_sqrt.o)
                0x0800d3c0                __ieee754_sqrt
 .text.fabs     0x0800d5c8        0x8 /home/aghosh01/gcc-arm-none-eabi-4_7-2012q4/bin/../lib/gcc/arm-none-eabi/4.7.3/../../../../arm-none-eabi/lib/armv7e-m/softfp/libm.a(lib_a-s_fabs.o)
                0x0800d5c8                fabs
 .text.finite   0x0800d5d0        0xc /home/aghosh01/gcc-arm-none-eabi-4_7-2012q4/bin/../lib/gcc/arm-none-eabi/4.7.3/../../../../arm-none-eabi/lib/armv7e-m/softfp/libm.a(lib_a-s_finite.o)
                0x0800d5d0                finite
 .text.__fpclassifyd
                0x0800d5dc       0x68 /home/aghosh01/gcc-arm-none-eabi-4_7-2012q4/bin/../lib/gcc/arm-none-eabi/4.7.3/../../../../arm-none-eabi/lib/armv7e-m/softfp/libm.a(lib_a-s_fpclassify.o)
                0x0800d5dc                __fpclassifyd
 .text.matherr  0x0800d644        0x4 /home/aghosh01/gcc-arm-none-eabi-4_7-2012q4/bin/../lib/gcc/arm-none-eabi/4.7.3/../../../../arm-none-eabi/lib/armv7e-m/softfp/libm.a(lib_a-s_matherr.o)
                0x0800d644                matherr
 .text.nan      0x0800d648        0xc /home/aghosh01/gcc-arm-none-eabi-4_7-2012q4/bin/../lib/gcc/arm-none-eabi/4.7.3/../../../../arm-none-eabi/lib/armv7e-m/softfp/libm.a(lib_a-s_nan.o)
                0x0800d648                nan
 .text.rint     0x0800d654      0x128 /home/aghosh01/gcc-arm-none-eabi-4_7-2012q4/bin/../lib/gcc/arm-none-eabi/4.7.3/../../../../arm-none-eabi/lib/armv7e-m/softfp/libm.a(lib_a-s_rint.o)
                0x0800d654                rint
 *fill*         0x0800d77c        0x4 00
 .text.scalbn   0x0800d780      0x108 /home/aghosh01/gcc-arm-none-eabi-4_7-2012q4/bin/../lib/gcc/arm-none-eabi/4.7.3/../../../../arm-none-eabi/lib/armv7e-m/softfp/libm.a(lib_a-s_scalbn.o)
                0x0800d780                scalbn
 .text.copysign
                0x0800d888       0x18 /home/aghosh01/gcc-arm-none-eabi-4_7-2012q4/bin/../lib/gcc/arm-none-eabi/4.7.3/../../../../arm-none-eabi/lib/armv7e-m/softfp/libm.a(lib_a-s_copysign.o)
                0x0800d888                copysign
 .text.__register_exitproc
                0x0800d8a0       0xac /home/aghosh01/gcc-arm-none-eabi-4_7-2012q4/bin/../lib/gcc/arm-none-eabi/4.7.3/../../../../arm-none-eabi/lib/armv7e-m/softfp/libg.a(lib_a-__atexit.o)
                0x0800d8a0                __register_exitproc
 .text.__errno  0x0800d94c        0xc /home/aghosh01/gcc-arm-none-eabi-4_7-2012q4/bin/../lib/gcc/arm-none-eabi/4.7.3/../../../../arm-none-eabi/lib/armv7e-m/softfp/libg.a(lib_a-errno.o)
                0x0800d94c                __errno
 .text.__libc_fini_array
                0x0800d958       0x50 /home/aghosh01/gcc-arm-none-eabi-4_7-2012q4/bin/../lib/gcc/arm-none-eabi/4.7.3/../../../../arm-none-eabi/lib/armv7e-m/softfp/libg.a(lib_a-fini.o)
                0x0800d958                __libc_fini_array
 .text.memset   0x0800d9a8      0x12c /home/aghosh01/gcc-arm-none-eabi-4_7-2012q4/bin/../lib/gcc/arm-none-eabi/4.7.3/../../../../arm-none-eabi/lib/armv7e-m/softfp/libg.a(lib_a-memset.o)
                0x0800d9a8                memset
 .text.printf   0x0800dad4       0x28 /home/aghosh01/gcc-arm-none-eabi-4_7-2012q4/bin/../lib/gcc/arm-none-eabi/4.7.3/../../../../arm-none-eabi/lib/armv7e-m/softfp/libg.a(lib_a-printf.o)
                0x0800dad4                printf
 .text._vfprintf_r
                0x0800dafc     0x1e88 /home/aghosh01/gcc-arm-none-eabi-4_7-2012q4/bin/../lib/gcc/arm-none-eabi/4.7.3/../../../../arm-none-eabi/lib/armv7e-m/softfp/libg.a(lib_a-vfprintf.o)
                0x0800dafc                _vfprintf_r
 .text.__swsetup_r
                0x0800f984       0xc4 /home/aghosh01/gcc-arm-none-eabi-4_7-2012q4/bin/../lib/gcc/arm-none-eabi/4.7.3/../../../../arm-none-eabi/lib/armv7e-m/softfp/libg.a(lib_a-wsetup.o)
                0x0800f984                __swsetup_r
 .text.startup.register_fini
                0x0800fa48       0x14 /home/aghosh01/gcc-arm-none-eabi-4_7-2012q4/bin/../lib/gcc/arm-none-eabi/4.7.3/../../../../arm-none-eabi/lib/armv7e-m/softfp/libg.a(lib_a-__call_atexit.o)
 .text.atexit   0x0800fa5c        0xc /home/aghosh01/gcc-arm-none-eabi-4_7-2012q4/bin/../lib/gcc/arm-none-eabi/4.7.3/../../../../arm-none-eabi/lib/armv7e-m/softfp/libg.a(lib_a-atexit.o)
                0x0800fa5c                atexit
 .text.quorem   0x0800fa68      0x2ec /home/aghosh01/gcc-arm-none-eabi-4_7-2012q4/bin/../lib/gcc/arm-none-eabi/4.7.3/../../../../arm-none-eabi/lib/armv7e-m/softfp/libg.a(lib_a-dtoa.o)
 *fill*         0x0800fd54        0x4 00
 .text._dtoa_r  0x0800fd58     0x1260 /home/aghosh01/gcc-arm-none-eabi-4_7-2012q4/bin/../lib/gcc/arm-none-eabi/4.7.3/../../../../arm-none-eabi/lib/armv7e-m/softfp/libg.a(lib_a-dtoa.o)
                0x0800fd58                _dtoa_r
 .text._fflush_r
                0x08010fb8      0x168 /home/aghosh01/gcc-arm-none-eabi-4_7-2012q4/bin/../lib/gcc/arm-none-eabi/4.7.3/../../../../arm-none-eabi/lib/armv7e-m/softfp/libg.a(lib_a-fflush.o)
                0x08010fb8                _fflush_r
 .text._cleanup_r
                0x08011120        0xc /home/aghosh01/gcc-arm-none-eabi-4_7-2012q4/bin/../lib/gcc/arm-none-eabi/4.7.3/../../../../arm-none-eabi/lib/armv7e-m/softfp/libg.a(lib_a-findfp.o)
                0x08011120                _cleanup_r
 .text.std.isra.0
                0x0801112c       0x50 /home/aghosh01/gcc-arm-none-eabi-4_7-2012q4/bin/../lib/gcc/arm-none-eabi/4.7.3/../../../../arm-none-eabi/lib/armv7e-m/softfp/libg.a(lib_a-findfp.o)
 .text.__sinit  0x0801117c       0x4c /home/aghosh01/gcc-arm-none-eabi-4_7-2012q4/bin/../lib/gcc/arm-none-eabi/4.7.3/../../../../arm-none-eabi/lib/armv7e-m/softfp/libg.a(lib_a-findfp.o)
                0x0801117c                __sinit
 .text.__sfp_lock_acquire
                0x080111c8        0x4 /home/aghosh01/gcc-arm-none-eabi-4_7-2012q4/bin/../lib/gcc/arm-none-eabi/4.7.3/../../../../arm-none-eabi/lib/armv7e-m/softfp/libg.a(lib_a-findfp.o)
                0x080111c8                __sfp_lock_acquire
 .text.__sfp_lock_release
                0x080111cc        0x4 /home/aghosh01/gcc-arm-none-eabi-4_7-2012q4/bin/../lib/gcc/arm-none-eabi/4.7.3/../../../../arm-none-eabi/lib/armv7e-m/softfp/libg.a(lib_a-findfp.o)
                0x080111cc                __sfp_lock_release
 .text._malloc_trim_r
                0x080111d0       0x98 /home/aghosh01/gcc-arm-none-eabi-4_7-2012q4/bin/../lib/gcc/arm-none-eabi/4.7.3/../../../../arm-none-eabi/lib/armv7e-m/softfp/libg.a(lib_a-freer.o)
                0x080111d0                _malloc_trim_r
 .text._free_r  0x08011268      0x194 /home/aghosh01/gcc-arm-none-eabi-4_7-2012q4/bin/../lib/gcc/arm-none-eabi/4.7.3/../../../../arm-none-eabi/lib/armv7e-m/softfp/libg.a(lib_a-freer.o)
                0x08011268                _free_r
 .text._fwalk   0x080113fc       0xb8 /home/aghosh01/gcc-arm-none-eabi-4_7-2012q4/bin/../lib/gcc/arm-none-eabi/4.7.3/../../../../arm-none-eabi/lib/armv7e-m/softfp/libg.a(lib_a-fwalk.o)
                0x080113fc                _fwalk
 .text.__locale_charset
                0x080114b4        0xc /home/aghosh01/gcc-arm-none-eabi-4_7-2012q4/bin/../lib/gcc/arm-none-eabi/4.7.3/../../../../arm-none-eabi/lib/armv7e-m/softfp/libg.a(lib_a-locale.o)
                0x080114b4                __locale_charset
 .text.__locale_mb_cur_max
                0x080114c0        0xc /home/aghosh01/gcc-arm-none-eabi-4_7-2012q4/bin/../lib/gcc/arm-none-eabi/4.7.3/../../../../arm-none-eabi/lib/armv7e-m/softfp/libg.a(lib_a-locale.o)
                0x080114c0                __locale_mb_cur_max
 .text._localeconv_r
                0x080114cc        0xc /home/aghosh01/gcc-arm-none-eabi-4_7-2012q4/bin/../lib/gcc/arm-none-eabi/4.7.3/../../../../arm-none-eabi/lib/armv7e-m/softfp/libg.a(lib_a-locale.o)
                0x080114cc                _localeconv_r
 .text.__smakebuf_r
                0x080114d8       0xe8 /home/aghosh01/gcc-arm-none-eabi-4_7-2012q4/bin/../lib/gcc/arm-none-eabi/4.7.3/../../../../arm-none-eabi/lib/armv7e-m/softfp/libg.a(lib_a-makebuf.o)
                0x080114d8                __smakebuf_r
 .text._malloc_r
                0x080115c0      0x55c /home/aghosh01/gcc-arm-none-eabi-4_7-2012q4/bin/../lib/gcc/arm-none-eabi/4.7.3/../../../../arm-none-eabi/lib/armv7e-m/softfp/libg.a(lib_a-mallocr.o)
                0x080115c0                _malloc_r
 .text.memchr   0x08011b1c      0x140 /home/aghosh01/gcc-arm-none-eabi-4_7-2012q4/bin/../lib/gcc/arm-none-eabi/4.7.3/../../../../arm-none-eabi/lib/armv7e-m/softfp/libg.a(lib_a-memchr.o)
                0x08011b1c                memchr
 .text.memcpy   0x08011c5c      0x144 /home/aghosh01/gcc-arm-none-eabi-4_7-2012q4/bin/../lib/gcc/arm-none-eabi/4.7.3/../../../../arm-none-eabi/lib/armv7e-m/softfp/libg.a(lib_a-memcpy.o)
                0x08011c5c                memcpy
 .text.__malloc_lock
                0x08011da0        0x4 /home/aghosh01/gcc-arm-none-eabi-4_7-2012q4/bin/../lib/gcc/arm-none-eabi/4.7.3/../../../../arm-none-eabi/lib/armv7e-m/softfp/libg.a(lib_a-mlock.o)
                0x08011da0                __malloc_lock
 .text.__malloc_unlock
                0x08011da4        0x4 /home/aghosh01/gcc-arm-none-eabi-4_7-2012q4/bin/../lib/gcc/arm-none-eabi/4.7.3/../../../../arm-none-eabi/lib/armv7e-m/softfp/libg.a(lib_a-mlock.o)
                0x08011da4                __malloc_unlock
 .text._Balloc  0x08011da8       0x4c /home/aghosh01/gcc-arm-none-eabi-4_7-2012q4/bin/../lib/gcc/arm-none-eabi/4.7.3/../../../../arm-none-eabi/lib/armv7e-m/softfp/libg.a(lib_a-mprec.o)
                0x08011da8                _Balloc
 .text._Bfree   0x08011df4       0x14 /home/aghosh01/gcc-arm-none-eabi-4_7-2012q4/bin/../lib/gcc/arm-none-eabi/4.7.3/../../../../arm-none-eabi/lib/armv7e-m/softfp/libg.a(lib_a-mprec.o)
                0x08011df4                _Bfree
 .text.__multadd
                0x08011e08       0xf8 /home/aghosh01/gcc-arm-none-eabi-4_7-2012q4/bin/../lib/gcc/arm-none-eabi/4.7.3/../../../../arm-none-eabi/lib/armv7e-m/softfp/libg.a(lib_a-mprec.o)
                0x08011e08                __multadd
 .text.__hi0bits
                0x08011f00       0x3c /home/aghosh01/gcc-arm-none-eabi-4_7-2012q4/bin/../lib/gcc/arm-none-eabi/4.7.3/../../../../arm-none-eabi/lib/armv7e-m/softfp/libg.a(lib_a-mprec.o)
                0x08011f00                __hi0bits
 .text.__lo0bits
                0x08011f3c       0x5c /home/aghosh01/gcc-arm-none-eabi-4_7-2012q4/bin/../lib/gcc/arm-none-eabi/4.7.3/../../../../arm-none-eabi/lib/armv7e-m/softfp/libg.a(lib_a-mprec.o)
                0x08011f3c                __lo0bits
 .text.__i2b    0x08011f98       0x14 /home/aghosh01/gcc-arm-none-eabi-4_7-2012q4/bin/../lib/gcc/arm-none-eabi/4.7.3/../../../../arm-none-eabi/lib/armv7e-m/softfp/libg.a(lib_a-mprec.o)
                0x08011f98                __i2b
 .text.__multiply
                0x08011fac      0x2d0 /home/aghosh01/gcc-arm-none-eabi-4_7-2012q4/bin/../lib/gcc/arm-none-eabi/4.7.3/../../../../arm-none-eabi/lib/armv7e-m/softfp/libg.a(lib_a-mprec.o)
                0x08011fac                __multiply
 .text.__pow5mult
                0x0801227c       0x94 /home/aghosh01/gcc-arm-none-eabi-4_7-2012q4/bin/../lib/gcc/arm-none-eabi/4.7.3/../../../../arm-none-eabi/lib/armv7e-m/softfp/libg.a(lib_a-mprec.o)
                0x0801227c                __pow5mult
 .text.__lshift
                0x08012310      0x188 /home/aghosh01/gcc-arm-none-eabi-4_7-2012q4/bin/../lib/gcc/arm-none-eabi/4.7.3/../../../../arm-none-eabi/lib/armv7e-m/softfp/libg.a(lib_a-mprec.o)
                0x08012310                __lshift
 .text.__mcmp   0x08012498       0x5c /home/aghosh01/gcc-arm-none-eabi-4_7-2012q4/bin/../lib/gcc/arm-none-eabi/4.7.3/../../../../arm-none-eabi/lib/armv7e-m/softfp/libg.a(lib_a-mprec.o)
                0x08012498                __mcmp
 .text.__mdiff  0x080124f4      0x20c /home/aghosh01/gcc-arm-none-eabi-4_7-2012q4/bin/../lib/gcc/arm-none-eabi/4.7.3/../../../../arm-none-eabi/lib/armv7e-m/softfp/libg.a(lib_a-mprec.o)
                0x080124f4                __mdiff
 .text.__d2b    0x08012700       0xc0 /home/aghosh01/gcc-arm-none-eabi-4_7-2012q4/bin/../lib/gcc/arm-none-eabi/4.7.3/../../../../arm-none-eabi/lib/armv7e-m/softfp/libg.a(lib_a-mprec.o)
                0x08012700                __d2b
 .text._sbrk_r  0x080127c0       0x24 /home/aghosh01/gcc-arm-none-eabi-4_7-2012q4/bin/../lib/gcc/arm-none-eabi/4.7.3/../../../../arm-none-eabi/lib/armv7e-m/softfp/libg.a(lib_a-sbrkr.o)
                0x080127c0                _sbrk_r
 .text.__sread  0x080127e4       0x24 /home/aghosh01/gcc-arm-none-eabi-4_7-2012q4/bin/../lib/gcc/arm-none-eabi/4.7.3/../../../../arm-none-eabi/lib/armv7e-m/softfp/libg.a(lib_a-stdio.o)
                0x080127e4                __sread
 .text.__swrite
                0x08012808       0x44 /home/aghosh01/gcc-arm-none-eabi-4_7-2012q4/bin/../lib/gcc/arm-none-eabi/4.7.3/../../../../arm-none-eabi/lib/armv7e-m/softfp/libg.a(lib_a-stdio.o)
                0x08012808                __swrite
 .text.__sseek  0x0801284c       0x24 /home/aghosh01/gcc-arm-none-eabi-4_7-2012q4/bin/../lib/gcc/arm-none-eabi/4.7.3/../../../../arm-none-eabi/lib/armv7e-m/softfp/libg.a(lib_a-stdio.o)
                0x0801284c                __sseek
 .text.__sclose
                0x08012870        0x8 /home/aghosh01/gcc-arm-none-eabi-4_7-2012q4/bin/../lib/gcc/arm-none-eabi/4.7.3/../../../../arm-none-eabi/lib/armv7e-m/softfp/libg.a(lib_a-stdio.o)
                0x08012870                __sclose
 .text.strlen   0x08012878       0x60 /home/aghosh01/gcc-arm-none-eabi-4_7-2012q4/bin/../lib/gcc/arm-none-eabi/4.7.3/../../../../arm-none-eabi/lib/armv7e-m/softfp/libg.a(lib_a-strlen.o)
                0x08012878                strlen
 .text.__sprint_r
                0x080128d8       0xc0 /home/aghosh01/gcc-arm-none-eabi-4_7-2012q4/bin/../lib/gcc/arm-none-eabi/4.7.3/../../../../arm-none-eabi/lib/armv7e-m/softfp/libg.a(lib_a-vfiprintf.o)
                0x080128d8                __sprint_r
 .text._write_r
                0x08012998       0x28 /home/aghosh01/gcc-arm-none-eabi-4_7-2012q4/bin/../lib/gcc/arm-none-eabi/4.7.3/../../../../arm-none-eabi/lib/armv7e-m/softfp/libg.a(lib_a-writer.o)
                0x08012998                _write_r
 .text._calloc_r
                0x080129c0       0x60 /home/aghosh01/gcc-arm-none-eabi-4_7-2012q4/bin/../lib/gcc/arm-none-eabi/4.7.3/../../../../arm-none-eabi/lib/armv7e-m/softfp/libg.a(lib_a-callocr.o)
                0x080129c0                _calloc_r
 .text._close_r
                0x08012a20       0x24 /home/aghosh01/gcc-arm-none-eabi-4_7-2012q4/bin/../lib/gcc/arm-none-eabi/4.7.3/../../../../arm-none-eabi/lib/armv7e-m/softfp/libg.a(lib_a-closer.o)
                0x08012a20                _close_r
 .text._fclose_r
                0x08012a44       0x94 /home/aghosh01/gcc-arm-none-eabi-4_7-2012q4/bin/../lib/gcc/arm-none-eabi/4.7.3/../../../../arm-none-eabi/lib/armv7e-m/softfp/libg.a(lib_a-fclose.o)
                0x08012a44                _fclose_r
 .text.fclose   0x08012ad8       0x10 /home/aghosh01/gcc-arm-none-eabi-4_7-2012q4/bin/../lib/gcc/arm-none-eabi/4.7.3/../../../../arm-none-eabi/lib/armv7e-m/softfp/libg.a(lib_a-fclose.o)
                0x08012ad8                fclose
 .text._fputwc_r
                0x08012ae8      0x1b0 /home/aghosh01/gcc-arm-none-eabi-4_7-2012q4/bin/../lib/gcc/arm-none-eabi/4.7.3/../../../../arm-none-eabi/lib/armv7e-m/softfp/libg.a(lib_a-fputwc.o)
                0x08012ae8                _fputwc_r
 .text._fstat_r
                0x08012c98       0x28 /home/aghosh01/gcc-arm-none-eabi-4_7-2012q4/bin/../lib/gcc/arm-none-eabi/4.7.3/../../../../arm-none-eabi/lib/armv7e-m/softfp/libg.a(lib_a-fstatr.o)
                0x08012c98                _fstat_r
 .text.__sfvwrite_r
                0x08012cc0      0x314 /home/aghosh01/gcc-arm-none-eabi-4_7-2012q4/bin/../lib/gcc/arm-none-eabi/4.7.3/../../../../arm-none-eabi/lib/armv7e-m/softfp/libg.a(lib_a-fvwrite.o)
                0x08012cc0                __sfvwrite_r
 .text._isatty_r
                0x08012fd4       0x24 /home/aghosh01/gcc-arm-none-eabi-4_7-2012q4/bin/../lib/gcc/arm-none-eabi/4.7.3/../../../../arm-none-eabi/lib/armv7e-m/softfp/libg.a(lib_a-isattyr.o)
                0x08012fd4                _isatty_r
 .text._lseek_r
                0x08012ff8       0x28 /home/aghosh01/gcc-arm-none-eabi-4_7-2012q4/bin/../lib/gcc/arm-none-eabi/4.7.3/../../../../arm-none-eabi/lib/armv7e-m/softfp/libg.a(lib_a-lseekr.o)
                0x08012ff8                _lseek_r
 .text.memmove  0x08013020      0x198 /home/aghosh01/gcc-arm-none-eabi-4_7-2012q4/bin/../lib/gcc/arm-none-eabi/4.7.3/../../../../arm-none-eabi/lib/armv7e-m/softfp/libg.a(lib_a-memmove.o)
                0x08013020                memmove
 .text._read_r  0x080131b8       0x28 /home/aghosh01/gcc-arm-none-eabi-4_7-2012q4/bin/../lib/gcc/arm-none-eabi/4.7.3/../../../../arm-none-eabi/lib/armv7e-m/softfp/libg.a(lib_a-readr.o)
                0x080131b8                _read_r
 .text._realloc_r
                0x080131e0      0x3dc /home/aghosh01/gcc-arm-none-eabi-4_7-2012q4/bin/../lib/gcc/arm-none-eabi/4.7.3/../../../../arm-none-eabi/lib/armv7e-m/softfp/libg.a(lib_a-reallocr.o)
                0x080131e0                _realloc_r
 .text.__swbuf_r
                0x080135bc       0xbc /home/aghosh01/gcc-arm-none-eabi-4_7-2012q4/bin/../lib/gcc/arm-none-eabi/4.7.3/../../../../arm-none-eabi/lib/armv7e-m/softfp/libg.a(lib_a-wbuf.o)
                0x080135bc                __swbuf_r
 .text._wcrtomb_r
                0x08013678       0x50 /home/aghosh01/gcc-arm-none-eabi-4_7-2012q4/bin/../lib/gcc/arm-none-eabi/4.7.3/../../../../arm-none-eabi/lib/armv7e-m/softfp/libg.a(lib_a-wcrtomb.o)
                0x08013678                _wcrtomb_r
 .text.__ascii_wctomb
                0x080136c8       0x1c /home/aghosh01/gcc-arm-none-eabi-4_7-2012q4/bin/../lib/gcc/arm-none-eabi/4.7.3/../../../../arm-none-eabi/lib/armv7e-m/softfp/libg.a(lib_a-wctomb_r.o)
                0x080136c8                __ascii_wctomb
 *(.rodata)
 .rodata        0x080136e4       0x40 ./src/main.o
 .rodata        0x08013724       0x24 ./src/newlib_stubs.o
 *(.rodata*)
 .rodata.str1.4
                0x08013748        0x4 /home/aghosh01/gcc-arm-none-eabi-4_7-2012q4/bin/../lib/gcc/arm-none-eabi/4.7.3/../../../../arm-none-eabi/lib/armv7e-m/softfp/libm.a(lib_a-w_pow.o)
 .rodata.str1.4
                0x0801374c        0x5 /home/aghosh01/gcc-arm-none-eabi-4_7-2012q4/bin/../lib/gcc/arm-none-eabi/4.7.3/../../../../arm-none-eabi/lib/armv7e-m/softfp/libm.a(lib_a-w_sqrt.o)
                                  0x8 (size before relaxing)
 *fill*         0x08013751        0x7 00
 .rodata.dp_h   0x08013758       0x10 /home/aghosh01/gcc-arm-none-eabi-4_7-2012q4/bin/../lib/gcc/arm-none-eabi/4.7.3/../../../../arm-none-eabi/lib/armv7e-m/softfp/libm.a(lib_a-e_pow.o)
 .rodata.dp_l   0x08013768       0x10 /home/aghosh01/gcc-arm-none-eabi-4_7-2012q4/bin/../lib/gcc/arm-none-eabi/4.7.3/../../../../arm-none-eabi/lib/armv7e-m/softfp/libm.a(lib_a-e_pow.o)
 .rodata.bp     0x08013778       0x10 /home/aghosh01/gcc-arm-none-eabi-4_7-2012q4/bin/../lib/gcc/arm-none-eabi/4.7.3/../../../../arm-none-eabi/lib/armv7e-m/softfp/libm.a(lib_a-e_pow.o)
 .rodata.str1.4
                0x00000000        0x5 /home/aghosh01/gcc-arm-none-eabi-4_7-2012q4/bin/../lib/gcc/arm-none-eabi/4.7.3/../../../../arm-none-eabi/lib/armv7e-m/softfp/libm.a(lib_a-e_pow.o)
                                  0x4 (size before relaxing)
 .rodata.TWO52  0x08013788       0x10 /home/aghosh01/gcc-arm-none-eabi-4_7-2012q4/bin/../lib/gcc/arm-none-eabi/4.7.3/../../../../arm-none-eabi/lib/armv7e-m/softfp/libm.a(lib_a-s_rint.o)
 .rodata.str1.4
                0x08013798        0x2 /home/aghosh01/gcc-arm-none-eabi-4_7-2012q4/bin/../lib/gcc/arm-none-eabi/4.7.3/../../../../arm-none-eabi/lib/armv7e-m/softfp/libg.a(lib_a-impure.o)
                                  0x4 (size before relaxing)
 *fill*         0x0801379a        0x2 00
 .rodata._global_impure_ptr
                0x0801379c        0x4 /home/aghosh01/gcc-arm-none-eabi-4_7-2012q4/bin/../lib/gcc/arm-none-eabi/4.7.3/../../../../arm-none-eabi/lib/armv7e-m/softfp/libg.a(lib_a-impure.o)
                0x0801379c                _global_impure_ptr
 .rodata.blanks.6735
                0x080137a0       0x10 /home/aghosh01/gcc-arm-none-eabi-4_7-2012q4/bin/../lib/gcc/arm-none-eabi/4.7.3/../../../../arm-none-eabi/lib/armv7e-m/softfp/libg.a(lib_a-vfprintf.o)
 .rodata.str1.4
                0x080137b0       0x42 /home/aghosh01/gcc-arm-none-eabi-4_7-2012q4/bin/../lib/gcc/arm-none-eabi/4.7.3/../../../../arm-none-eabi/lib/armv7e-m/softfp/libg.a(lib_a-vfprintf.o)
                                 0x44 (size before relaxing)
 *fill*         0x080137f2        0x2 00
 .rodata.zeroes.6736
                0x080137f4       0x10 /home/aghosh01/gcc-arm-none-eabi-4_7-2012q4/bin/../lib/gcc/arm-none-eabi/4.7.3/../../../../arm-none-eabi/lib/armv7e-m/softfp/libg.a(lib_a-vfprintf.o)
 .rodata.str1.4
                0x08013804       0x10 /home/aghosh01/gcc-arm-none-eabi-4_7-2012q4/bin/../lib/gcc/arm-none-eabi/4.7.3/../../../../arm-none-eabi/lib/armv7e-m/softfp/libg.a(lib_a-dtoa.o)
                                 0x14 (size before relaxing)
 .rodata.str1.4
                0x08013814        0xc /home/aghosh01/gcc-arm-none-eabi-4_7-2012q4/bin/../lib/gcc/arm-none-eabi/4.7.3/../../../../arm-none-eabi/lib/armv7e-m/softfp/libg.a(lib_a-locale.o)
                                 0x14 (size before relaxing)
 .rodata.p05.5242
                0x08013820        0xc /home/aghosh01/gcc-arm-none-eabi-4_7-2012q4/bin/../lib/gcc/arm-none-eabi/4.7.3/../../../../arm-none-eabi/lib/armv7e-m/softfp/libg.a(lib_a-mprec.o)
 *fill*         0x0801382c        0x4 00
 .rodata.__mprec_tens
                0x08013830       0xc8 /home/aghosh01/gcc-arm-none-eabi-4_7-2012q4/bin/../lib/gcc/arm-none-eabi/4.7.3/../../../../arm-none-eabi/lib/armv7e-m/softfp/libg.a(lib_a-mprec.o)
                0x08013830                __mprec_tens
 .rodata.__mprec_bigtens
                0x080138f8       0x28 /home/aghosh01/gcc-arm-none-eabi-4_7-2012q4/bin/../lib/gcc/arm-none-eabi/4.7.3/../../../../arm-none-eabi/lib/armv7e-m/softfp/libg.a(lib_a-mprec.o)
                0x080138f8                __mprec_bigtens
 *(.glue_7)
 .glue_7        0x00000000        0x0 linker stubs
 *(.glue_7t)
 .glue_7t       0x00000000        0x0 linker stubs
 *(.eh_frame)
 .eh_frame      0x08013920        0x0 /home/aghosh01/gcc-arm-none-eabi-4_7-2012q4/bin/../lib/gcc/arm-none-eabi/4.7.3/armv7e-m/softfp/crtbegin.o
 *(.init)
 .init          0x08013920        0x4 /home/aghosh01/gcc-arm-none-eabi-4_7-2012q4/bin/../lib/gcc/arm-none-eabi/4.7.3/armv7e-m/softfp/crti.o
                0x08013920                _init
 .init          0x08013924        0x8 /home/aghosh01/gcc-arm-none-eabi-4_7-2012q4/bin/../lib/gcc/arm-none-eabi/4.7.3/armv7e-m/softfp/crtn.o
 *(.fini)
 .fini          0x0801392c        0x4 /home/aghosh01/gcc-arm-none-eabi-4_7-2012q4/bin/../lib/gcc/arm-none-eabi/4.7.3/armv7e-m/softfp/crti.o
                0x0801392c                _fini
 .fini          0x08013930        0x8 /home/aghosh01/gcc-arm-none-eabi-4_7-2012q4/bin/../lib/gcc/arm-none-eabi/4.7.3/armv7e-m/softfp/crtn.o
                0x08013938                . = ALIGN (0x4)
                0x08013938                _etext = .

.vfp11_veneer   0x08013938        0x0
 .vfp11_veneer  0x00000000        0x0 linker stubs

.v4_bx          0x08013938        0x0
 .v4_bx         0x00000000        0x0 linker stubs

.iplt           0x08013938        0x0
 .iplt          0x00000000        0x0 /home/aghosh01/gcc-arm-none-eabi-4_7-2012q4/bin/../lib/gcc/arm-none-eabi/4.7.3/armv7e-m/softfp/crtbegin.o

.ARM.extab
 *(.ARM.extab* .gnu.linkonce.armextab.*)

.ARM            0x08013938        0x8
                0x08013938                __exidx_start = .
 *(.ARM.exidx*)
 .ARM.exidx     0x08013938        0x8 /home/aghosh01/gcc-arm-none-eabi-4_7-2012q4/bin/../lib/gcc/arm-none-eabi/4.7.3/armv7e-m/softfp/libgcc.a(_divdi3.o)
 .ARM.exidx     0x08013940        0x0 /home/aghosh01/gcc-arm-none-eabi-4_7-2012q4/bin/../lib/gcc/arm-none-eabi/4.7.3/armv7e-m/softfp/libgcc.a(_udivdi3.o)
                                  0x8 (size before relaxing)
                0x08013940                __exidx_end = .

.rel.dyn        0x08013940        0x0
 .rel.iplt      0x00000000        0x0 /home/aghosh01/gcc-arm-none-eabi-4_7-2012q4/bin/../lib/gcc/arm-none-eabi/4.7.3/armv7e-m/softfp/crtbegin.o

.preinit_array  0x08013940        0x0
                0x08013940                PROVIDE (__preinit_array_start, .)
 *(.preinit_array*)
                0x08013940                PROVIDE (__preinit_array_end, .)

.init_array     0x08013940        0x8
                0x08013940                PROVIDE (__init_array_start, .)
 *(SORT(.init_array.*))
 .init_array.00000
                0x08013940        0x4 /home/aghosh01/gcc-arm-none-eabi-4_7-2012q4/bin/../lib/gcc/arm-none-eabi/4.7.3/../../../../arm-none-eabi/lib/armv7e-m/softfp/libg.a(lib_a-__call_atexit.o)
 *(.init_array*)
 .init_array    0x08013944        0x4 /home/aghosh01/gcc-arm-none-eabi-4_7-2012q4/bin/../lib/gcc/arm-none-eabi/4.7.3/armv7e-m/softfp/crtbegin.o
                0x08013948                PROVIDE (__init_array_end, .)

.fini_array     0x08013948        0x4
                0x08013948                PROVIDE (__fini_array_start, .)
 *(SORT(.fini_array.*))
 *(.fini_array*)
 .fini_array    0x08013948        0x4 /home/aghosh01/gcc-arm-none-eabi-4_7-2012q4/bin/../lib/gcc/arm-none-eabi/4.7.3/armv7e-m/softfp/crtbegin.o
                0x0801394c                PROVIDE (__fini_array_end, .)
                0x08013950                _sidata = LOADADDR (.data)

.data           0x20000000      0x904 load address 0x08013950
                0x20000000                . = ALIGN (0x4)
                0x20000000                _sdata = .
 *(.data)
 .data          0x20000000       0x1c ./src/main.o
                0x20000000                led_matrix
 .data          0x2000001c       0x2c ./src/stm32f30x_rcc.o
 .data          0x20000048        0x4 ./src/stm32f3_discovery_l3gd20.o
                0x20000048                L3GD20Timeout
 .data          0x2000004c       0x14 ./src/system_stm32f30x.o
                0x2000004c                SystemCoreClock
                0x20000050                AHBPrescTable
 *(.data*)
 .data.__fdlib_version
                0x20000060        0x1 /home/aghosh01/gcc-arm-none-eabi-4_7-2012q4/bin/../lib/gcc/arm-none-eabi/4.7.3/../../../../arm-none-eabi/lib/armv7e-m/softfp/libm.a(lib_a-s_lib_ver.o)
                0x20000060                __fdlib_version
 *fill*         0x20000061        0x7 00
 .data.impure_data
                0x20000068      0x428 /home/aghosh01/gcc-arm-none-eabi-4_7-2012q4/bin/../lib/gcc/arm-none-eabi/4.7.3/../../../../arm-none-eabi/lib/armv7e-m/softfp/libg.a(lib_a-impure.o)
 .data._impure_ptr
                0x20000490        0x4 /home/aghosh01/gcc-arm-none-eabi-4_7-2012q4/bin/../lib/gcc/arm-none-eabi/4.7.3/../../../../arm-none-eabi/lib/armv7e-m/softfp/libg.a(lib_a-impure.o)
                0x20000490                _impure_ptr
 .data.lconv    0x20000494       0x38 /home/aghosh01/gcc-arm-none-eabi-4_7-2012q4/bin/../lib/gcc/arm-none-eabi/4.7.3/../../../../arm-none-eabi/lib/armv7e-m/softfp/libg.a(lib_a-locale.o)
 .data.lc_ctype_charset
                0x200004cc       0x20 /home/aghosh01/gcc-arm-none-eabi-4_7-2012q4/bin/../lib/gcc/arm-none-eabi/4.7.3/../../../../arm-none-eabi/lib/armv7e-m/softfp/libg.a(lib_a-locale.o)
 .data.__mb_cur_max
                0x200004ec        0x4 /home/aghosh01/gcc-arm-none-eabi-4_7-2012q4/bin/../lib/gcc/arm-none-eabi/4.7.3/../../../../arm-none-eabi/lib/armv7e-m/softfp/libg.a(lib_a-locale.o)
                0x200004ec                __mb_cur_max
 .data.__malloc_av_
                0x200004f0      0x408 /home/aghosh01/gcc-arm-none-eabi-4_7-2012q4/bin/../lib/gcc/arm-none-eabi/4.7.3/../../../../arm-none-eabi/lib/armv7e-m/softfp/libg.a(lib_a-mallocr.o)
                0x200004f0                __malloc_av_
 .data.__malloc_trim_threshold
                0x200008f8        0x4 /home/aghosh01/gcc-arm-none-eabi-4_7-2012q4/bin/../lib/gcc/arm-none-eabi/4.7.3/../../../../arm-none-eabi/lib/armv7e-m/softfp/libg.a(lib_a-mallocr.o)
                0x200008f8                __malloc_trim_threshold
 .data.__malloc_sbrk_base
                0x200008fc        0x4 /home/aghosh01/gcc-arm-none-eabi-4_7-2012q4/bin/../lib/gcc/arm-none-eabi/4.7.3/../../../../arm-none-eabi/lib/armv7e-m/softfp/libg.a(lib_a-mallocr.o)
                0x200008fc                __malloc_sbrk_base
 .data.__wctomb
                0x20000900        0x4 /home/aghosh01/gcc-arm-none-eabi-4_7-2012q4/bin/../lib/gcc/arm-none-eabi/4.7.3/../../../../arm-none-eabi/lib/armv7e-m/softfp/libg.a(lib_a-wctomb_r.o)
                0x20000900                __wctomb
                0x20000904                . = ALIGN (0x4)
                0x20000904                _edata = .
                0x08014254                _siccmram = LOADADDR (.ccmram)

.jcr            0x20000904        0x0 load address 0x08014254
 .jcr           0x20000904        0x0 /home/aghosh01/gcc-arm-none-eabi-4_7-2012q4/bin/../lib/gcc/arm-none-eabi/4.7.3/armv7e-m/softfp/crtbegin.o

.igot.plt       0x20000904        0x0 load address 0x08014254
 .igot.plt      0x00000000        0x0 /home/aghosh01/gcc-arm-none-eabi-4_7-2012q4/bin/../lib/gcc/arm-none-eabi/4.7.3/armv7e-m/softfp/crtbegin.o

.ccmram         0x10000000        0x0 load address 0x08014254
                0x10000000                . = ALIGN (0x4)
                0x10000000                _sccmram = .
 *(.ccmram)
 *(.ccmram*)
                0x10000000                . = ALIGN (0x4)
                0x10000000                _eccmram = .
                0x10000000                . = ALIGN (0x4)

.bss            0x20000904      0x168
                0x20000904                _sbss = .
                0x20000904                __bss_start__ = _sbss
 *(.bss)
 .bss           0x20000904       0x1c /home/aghosh01/gcc-arm-none-eabi-4_7-2012q4/bin/../lib/gcc/arm-none-eabi/4.7.3/armv7e-m/softfp/crtbegin.o
 .bss           0x20000920      0x10c ./src/main.o
                0x20000924                led_iter
                0x20000928                left_enc
                0x20000950                right_enc
                0x20000978                gyro_angle_x
                0x2000097c                gyro_bias_x
                0x20000980                adcval
                0x20000984                adcData
                0x2000098c                new_data
                0x20000990                adc2_data
                0x200009a0                adc2_new_data
                0x200009a1                adc3_awd1
                0x200009a2                adc3_awd2
                0x200009a4                count
                0x200009a8                stage
                0x200009ac                drive_cmd
                0x200009b0                err
                0x200009b4                last_err
                0x200009b8                diff_err
                0x200009bc                rt
                0x200009c0                d_front
                0x200009c4                integral
                0x200009c8                left
                0x200009cc                right
                0x200009d0                state
                0x200009d4                match_time_counter
                0x200009d8                t_firefight_start
                0x200009dc                leds_on
                0x200009e0                current_process
                0x200009e4                process_list
                0x20000a0c                msp_res
                0x20000a10                pList
                0x20000a24                task1_iter
                0x20000a28                task2_iter
 .bss           0x20000a2c        0x8 ./src/newlib_stubs.o
                0x20000a2c                __env
 *(.bss*)
 .bss.__malloc_max_total_mem
                0x20000a34        0x4 /home/aghosh01/gcc-arm-none-eabi-4_7-2012q4/bin/../lib/gcc/arm-none-eabi/4.7.3/../../../../arm-none-eabi/lib/armv7e-m/softfp/libg.a(lib_a-mallocr.o)
                0x20000a34                __malloc_max_total_mem
 .bss.__malloc_max_sbrked_mem
                0x20000a38        0x4 /home/aghosh01/gcc-arm-none-eabi-4_7-2012q4/bin/../lib/gcc/arm-none-eabi/4.7.3/../../../../arm-none-eabi/lib/armv7e-m/softfp/libg.a(lib_a-mallocr.o)
                0x20000a38                __malloc_max_sbrked_mem
 .bss.__malloc_top_pad
                0x20000a3c        0x4 /home/aghosh01/gcc-arm-none-eabi-4_7-2012q4/bin/../lib/gcc/arm-none-eabi/4.7.3/../../../../arm-none-eabi/lib/armv7e-m/softfp/libg.a(lib_a-mallocr.o)
                0x20000a3c                __malloc_top_pad
 .bss.__malloc_current_mallinfo
                0x20000a40       0x28 /home/aghosh01/gcc-arm-none-eabi-4_7-2012q4/bin/../lib/gcc/arm-none-eabi/4.7.3/../../../../arm-none-eabi/lib/armv7e-m/softfp/libg.a(lib_a-mallocr.o)
                0x20000a40                __malloc_current_mallinfo
 *(COMMON)
 COMMON         0x20000a68        0x4 /home/aghosh01/gcc-arm-none-eabi-4_7-2012q4/bin/../lib/gcc/arm-none-eabi/4.7.3/../../../../arm-none-eabi/lib/armv7e-m/softfp/libg.a(lib_a-reent.o)
                0x20000a68                errno
                0x20000a6c                . = ALIGN (0x4)
                0x20000a6c                _ebss = .
                0x20000a6c                __bss_end__ = _ebss

._user_heap_stack
                0x20000a6c      0x200
                0x20000a6c                . = ALIGN (0x4)
                0x20000a6c                PROVIDE (end, .)
                0x20000a6c                PROVIDE (_end, .)
                0x20000a6c                . = (. + _Min_Heap_Size)
                0x20000c6c                . = (. + _Min_Stack_Size)
 *fill*         0x20000a6c      0x200 00
                0x20000c6c                . = ALIGN (0x4)

.memory_b1_text
 *(.mb1text)
 *(.mb1text*)
 *(.mb1rodata)
 *(.mb1rodata*)

/DISCARD/
 libc.a(*)
 libm.a(*)
 libgcc.a(*)

.ARM.attributes
                0x00000000       0x30
 *(.ARM.attributes)
 .ARM.attributes
                0x00000000       0x24 /home/aghosh01/gcc-arm-none-eabi-4_7-2012q4/bin/../lib/gcc/arm-none-eabi/4.7.3/armv7e-m/softfp/crti.o
 .ARM.attributes
                0x00000024       0x34 /home/aghosh01/gcc-arm-none-eabi-4_7-2012q4/bin/../lib/gcc/arm-none-eabi/4.7.3/armv7e-m/softfp/crtbegin.o
 .ARM.attributes
                0x00000058       0x39 ./src/debug.o
 .ARM.attributes
                0x00000091       0x39 ./src/interrupt_defs.o
 .ARM.attributes
                0x000000ca       0x39 ./src/main.o
 .ARM.attributes
                0x00000103       0x39 ./src/newlib_stubs.o
 .ARM.attributes
                0x0000013c       0x39 ./src/os.o
 .ARM.attributes
                0x00000175       0x39 ./src/pwm.o
 .ARM.attributes
                0x000001ae       0x21 ./src/startup_stm32f30x.o
 .ARM.attributes
                0x000001cf       0x39 ./src/stm32f30x_adc.o
 .ARM.attributes
                0x00000208       0x39 ./src/stm32f30x_comp.o
 .ARM.attributes
                0x00000241       0x39 ./src/stm32f30x_dma.o
 .ARM.attributes
                0x0000027a       0x39 ./src/stm32f30x_exti.o
 .ARM.attributes
                0x000002b3       0x39 ./src/stm32f30x_gpio.o
 .ARM.attributes
                0x000002ec       0x39 ./src/stm32f30x_misc.o
 .ARM.attributes
                0x00000325       0x39 ./src/stm32f30x_rcc.o
 .ARM.attributes
                0x0000035e       0x39 ./src/stm32f30x_spi.o
 .ARM.attributes
                0x00000397       0x39 ./src/stm32f30x_syscfg.o
 .ARM.attributes
                0x000003d0       0x39 ./src/stm32f30x_tim.o
 .ARM.attributes
                0x00000409       0x39 ./src/stm32f30x_usart.o
 .ARM.attributes
                0x00000442       0x39 ./src/stm32f3_discovery_l3gd20.o
 .ARM.attributes
                0x0000047b       0x39 ./src/system_stm32f30x.o
 .ARM.attributes
                0x000004b4       0x34 /home/aghosh01/gcc-arm-none-eabi-4_7-2012q4/bin/../lib/gcc/arm-none-eabi/4.7.3/../../../../arm-none-eabi/lib/armv7e-m/softfp/libm.a(lib_a-w_pow.o)
 .ARM.attributes
                0x000004e8       0x34 /home/aghosh01/gcc-arm-none-eabi-4_7-2012q4/bin/../lib/gcc/arm-none-eabi/4.7.3/../../../../arm-none-eabi/lib/armv7e-m/softfp/libm.a(lib_a-w_sqrt.o)
 .ARM.attributes
                0x0000051c       0x34 /home/aghosh01/gcc-arm-none-eabi-4_7-2012q4/bin/../lib/gcc/arm-none-eabi/4.7.3/../../../../arm-none-eabi/lib/armv7e-m/softfp/libm.a(lib_a-e_pow.o)
 .ARM.attributes
                0x00000550       0x34 /home/aghosh01/gcc-arm-none-eabi-4_7-2012q4/bin/../lib/gcc/arm-none-eabi/4.7.3/../../../../arm-none-eabi/lib/armv7e-m/softfp/libm.a(lib_a-e_sqrt.o)
 .ARM.attributes
                0x00000584       0x34 /home/aghosh01/gcc-arm-none-eabi-4_7-2012q4/bin/../lib/gcc/arm-none-eabi/4.7.3/../../../../arm-none-eabi/lib/armv7e-m/softfp/libm.a(lib_a-s_fabs.o)
 .ARM.attributes
                0x000005b8       0x34 /home/aghosh01/gcc-arm-none-eabi-4_7-2012q4/bin/../lib/gcc/arm-none-eabi/4.7.3/../../../../arm-none-eabi/lib/armv7e-m/softfp/libm.a(lib_a-s_finite.o)
 .ARM.attributes
                0x000005ec       0x34 /home/aghosh01/gcc-arm-none-eabi-4_7-2012q4/bin/../lib/gcc/arm-none-eabi/4.7.3/../../../../arm-none-eabi/lib/armv7e-m/softfp/libm.a(lib_a-s_fpclassify.o)
 .ARM.attributes
                0x00000620       0x34 /home/aghosh01/gcc-arm-none-eabi-4_7-2012q4/bin/../lib/gcc/arm-none-eabi/4.7.3/../../../../arm-none-eabi/lib/armv7e-m/softfp/libm.a(lib_a-s_lib_ver.o)
 .ARM.attributes
                0x00000654       0x34 /home/aghosh01/gcc-arm-none-eabi-4_7-2012q4/bin/../lib/gcc/arm-none-eabi/4.7.3/../../../../arm-none-eabi/lib/armv7e-m/softfp/libm.a(lib_a-s_matherr.o)
 .ARM.attributes
                0x00000688       0x34 /home/aghosh01/gcc-arm-none-eabi-4_7-2012q4/bin/../lib/gcc/arm-none-eabi/4.7.3/../../../../arm-none-eabi/lib/armv7e-m/softfp/libm.a(lib_a-s_nan.o)
 .ARM.attributes
                0x000006bc       0x34 /home/aghosh01/gcc-arm-none-eabi-4_7-2012q4/bin/../lib/gcc/arm-none-eabi/4.7.3/../../../../arm-none-eabi/lib/armv7e-m/softfp/libm.a(lib_a-s_rint.o)
 .ARM.attributes
                0x000006f0       0x34 /home/aghosh01/gcc-arm-none-eabi-4_7-2012q4/bin/../lib/gcc/arm-none-eabi/4.7.3/../../../../arm-none-eabi/lib/armv7e-m/softfp/libm.a(lib_a-s_scalbn.o)
 .ARM.attributes
                0x00000724       0x34 /home/aghosh01/gcc-arm-none-eabi-4_7-2012q4/bin/../lib/gcc/arm-none-eabi/4.7.3/../../../../arm-none-eabi/lib/armv7e-m/softfp/libm.a(lib_a-s_copysign.o)
 .ARM.attributes
                0x00000758       0x24 /home/aghosh01/gcc-arm-none-eabi-4_7-2012q4/bin/../lib/gcc/arm-none-eabi/4.7.3/armv7e-m/softfp/libgcc.a(_arm_addsubdf3.o)
 .ARM.attributes
                0x0000077c       0x24 /home/aghosh01/gcc-arm-none-eabi-4_7-2012q4/bin/../lib/gcc/arm-none-eabi/4.7.3/armv7e-m/softfp/libgcc.a(_arm_muldivdf3.o)
 .ARM.attributes
                0x000007a0       0x24 /home/aghosh01/gcc-arm-none-eabi-4_7-2012q4/bin/../lib/gcc/arm-none-eabi/4.7.3/armv7e-m/softfp/libgcc.a(_arm_cmpdf2.o)
 .ARM.attributes
                0x000007c4       0x24 /home/aghosh01/gcc-arm-none-eabi-4_7-2012q4/bin/../lib/gcc/arm-none-eabi/4.7.3/armv7e-m/softfp/libgcc.a(_arm_fixdfsi.o)
 .ARM.attributes
                0x000007e8       0x24 /home/aghosh01/gcc-arm-none-eabi-4_7-2012q4/bin/../lib/gcc/arm-none-eabi/4.7.3/armv7e-m/softfp/libgcc.a(_arm_truncdfsf2.o)
 .ARM.attributes
                0x0000080c       0x34 /home/aghosh01/gcc-arm-none-eabi-4_7-2012q4/bin/../lib/gcc/arm-none-eabi/4.7.3/../../../../arm-none-eabi/lib/armv7e-m/softfp/libg.a(lib_a-__atexit.o)
 .ARM.attributes
                0x00000840       0x34 /home/aghosh01/gcc-arm-none-eabi-4_7-2012q4/bin/../lib/gcc/arm-none-eabi/4.7.3/../../../../arm-none-eabi/lib/armv7e-m/softfp/libg.a(lib_a-errno.o)
 .ARM.attributes
                0x00000874       0x34 /home/aghosh01/gcc-arm-none-eabi-4_7-2012q4/bin/../lib/gcc/arm-none-eabi/4.7.3/../../../../arm-none-eabi/lib/armv7e-m/softfp/libg.a(lib_a-fini.o)
 .ARM.attributes
                0x000008a8       0x34 /home/aghosh01/gcc-arm-none-eabi-4_7-2012q4/bin/../lib/gcc/arm-none-eabi/4.7.3/../../../../arm-none-eabi/lib/armv7e-m/softfp/libg.a(lib_a-impure.o)
 .ARM.attributes
                0x000008dc       0x34 /home/aghosh01/gcc-arm-none-eabi-4_7-2012q4/bin/../lib/gcc/arm-none-eabi/4.7.3/../../../../arm-none-eabi/lib/armv7e-m/softfp/libg.a(lib_a-memset.o)
 .ARM.attributes
                0x00000910       0x34 /home/aghosh01/gcc-arm-none-eabi-4_7-2012q4/bin/../lib/gcc/arm-none-eabi/4.7.3/../../../../arm-none-eabi/lib/armv7e-m/softfp/libg.a(lib_a-printf.o)
 .ARM.attributes
                0x00000944       0x34 /home/aghosh01/gcc-arm-none-eabi-4_7-2012q4/bin/../lib/gcc/arm-none-eabi/4.7.3/../../../../arm-none-eabi/lib/armv7e-m/softfp/libg.a(lib_a-reent.o)
 .ARM.attributes
                0x00000978       0x34 /home/aghosh01/gcc-arm-none-eabi-4_7-2012q4/bin/../lib/gcc/arm-none-eabi/4.7.3/../../../../arm-none-eabi/lib/armv7e-m/softfp/libg.a(lib_a-vfprintf.o)
 .ARM.attributes
                0x000009ac       0x34 /home/aghosh01/gcc-arm-none-eabi-4_7-2012q4/bin/../lib/gcc/arm-none-eabi/4.7.3/../../../../arm-none-eabi/lib/armv7e-m/softfp/libg.a(lib_a-wsetup.o)
 .ARM.attributes
                0x000009e0       0x34 /home/aghosh01/gcc-arm-none-eabi-4_7-2012q4/bin/../lib/gcc/arm-none-eabi/4.7.3/../../../../arm-none-eabi/lib/armv7e-m/softfp/libg.a(lib_a-__call_atexit.o)
 .ARM.attributes
                0x00000a14       0x34 /home/aghosh01/gcc-arm-none-eabi-4_7-2012q4/bin/../lib/gcc/arm-none-eabi/4.7.3/../../../../arm-none-eabi/lib/armv7e-m/softfp/libg.a(lib_a-atexit.o)
 .ARM.attributes
                0x00000a48       0x34 /home/aghosh01/gcc-arm-none-eabi-4_7-2012q4/bin/../lib/gcc/arm-none-eabi/4.7.3/../../../../arm-none-eabi/lib/armv7e-m/softfp/libg.a(lib_a-dtoa.o)
 .ARM.attributes
                0x00000a7c       0x34 /home/aghosh01/gcc-arm-none-eabi-4_7-2012q4/bin/../lib/gcc/arm-none-eabi/4.7.3/../../../../arm-none-eabi/lib/armv7e-m/softfp/libg.a(lib_a-fflush.o)
 .ARM.attributes
                0x00000ab0       0x34 /home/aghosh01/gcc-arm-none-eabi-4_7-2012q4/bin/../lib/gcc/arm-none-eabi/4.7.3/../../../../arm-none-eabi/lib/armv7e-m/softfp/libg.a(lib_a-findfp.o)
 .ARM.attributes
                0x00000ae4       0x34 /home/aghosh01/gcc-arm-none-eabi-4_7-2012q4/bin/../lib/gcc/arm-none-eabi/4.7.3/../../../../arm-none-eabi/lib/armv7e-m/softfp/libg.a(lib_a-freer.o)
 .ARM.attributes
                0x00000b18       0x34 /home/aghosh01/gcc-arm-none-eabi-4_7-2012q4/bin/../lib/gcc/arm-none-eabi/4.7.3/../../../../arm-none-eabi/lib/armv7e-m/softfp/libg.a(lib_a-fwalk.o)
 .ARM.attributes
                0x00000b4c       0x34 /home/aghosh01/gcc-arm-none-eabi-4_7-2012q4/bin/../lib/gcc/arm-none-eabi/4.7.3/../../../../arm-none-eabi/lib/armv7e-m/softfp/libg.a(lib_a-locale.o)
 .ARM.attributes
                0x00000b80       0x34 /home/aghosh01/gcc-arm-none-eabi-4_7-2012q4/bin/../lib/gcc/arm-none-eabi/4.7.3/../../../../arm-none-eabi/lib/armv7e-m/softfp/libg.a(lib_a-makebuf.o)
 .ARM.attributes
                0x00000bb4       0x34 /home/aghosh01/gcc-arm-none-eabi-4_7-2012q4/bin/../lib/gcc/arm-none-eabi/4.7.3/../../../../arm-none-eabi/lib/armv7e-m/softfp/libg.a(lib_a-mallocr.o)
 .ARM.attributes
                0x00000be8       0x34 /home/aghosh01/gcc-arm-none-eabi-4_7-2012q4/bin/../lib/gcc/arm-none-eabi/4.7.3/../../../../arm-none-eabi/lib/armv7e-m/softfp/libg.a(lib_a-memchr.o)
 .ARM.attributes
                0x00000c1c       0x34 /home/aghosh01/gcc-arm-none-eabi-4_7-2012q4/bin/../lib/gcc/arm-none-eabi/4.7.3/../../../../arm-none-eabi/lib/armv7e-m/softfp/libg.a(lib_a-memcpy.o)
 .ARM.attributes
                0x00000c50       0x34 /home/aghosh01/gcc-arm-none-eabi-4_7-2012q4/bin/../lib/gcc/arm-none-eabi/4.7.3/../../../../arm-none-eabi/lib/armv7e-m/softfp/libg.a(lib_a-mlock.o)
 .ARM.attributes
                0x00000c84       0x34 /home/aghosh01/gcc-arm-none-eabi-4_7-2012q4/bin/../lib/gcc/arm-none-eabi/4.7.3/../../../../arm-none-eabi/lib/armv7e-m/softfp/libg.a(lib_a-mprec.o)
 .ARM.attributes
                0x00000cb8       0x34 /home/aghosh01/gcc-arm-none-eabi-4_7-2012q4/bin/../lib/gcc/arm-none-eabi/4.7.3/../../../../arm-none-eabi/lib/armv7e-m/softfp/libg.a(lib_a-sbrkr.o)
 .ARM.attributes
                0x00000cec       0x34 /home/aghosh01/gcc-arm-none-eabi-4_7-2012q4/bin/../lib/gcc/arm-none-eabi/4.7.3/../../../../arm-none-eabi/lib/armv7e-m/softfp/libg.a(lib_a-stdio.o)
 .ARM.attributes
                0x00000d20       0x34 /home/aghosh01/gcc-arm-none-eabi-4_7-2012q4/bin/../lib/gcc/arm-none-eabi/4.7.3/../../../../arm-none-eabi/lib/armv7e-m/softfp/libg.a(lib_a-strlen.o)
 .ARM.attributes
                0x00000d54       0x34 /home/aghosh01/gcc-arm-none-eabi-4_7-2012q4/bin/../lib/gcc/arm-none-eabi/4.7.3/../../../../arm-none-eabi/lib/armv7e-m/softfp/libg.a(lib_a-vfiprintf.o)
 .ARM.attributes
                0x00000d88       0x34 /home/aghosh01/gcc-arm-none-eabi-4_7-2012q4/bin/../lib/gcc/arm-none-eabi/4.7.3/../../../../arm-none-eabi/lib/armv7e-m/softfp/libg.a(lib_a-writer.o)
 .ARM.attributes
                0x00000dbc       0x34 /home/aghosh01/gcc-arm-none-eabi-4_7-2012q4/bin/../lib/gcc/arm-none-eabi/4.7.3/../../../../arm-none-eabi/lib/armv7e-m/softfp/libg.a(lib_a-callocr.o)
 .ARM.attributes
                0x00000df0       0x34 /home/aghosh01/gcc-arm-none-eabi-4_7-2012q4/bin/../lib/gcc/arm-none-eabi/4.7.3/../../../../arm-none-eabi/lib/armv7e-m/softfp/libg.a(lib_a-closer.o)
 .ARM.attributes
                0x00000e24       0x34 /home/aghosh01/gcc-arm-none-eabi-4_7-2012q4/bin/../lib/gcc/arm-none-eabi/4.7.3/../../../../arm-none-eabi/lib/armv7e-m/softfp/libg.a(lib_a-fclose.o)
 .ARM.attributes
                0x00000e58       0x34 /home/aghosh01/gcc-arm-none-eabi-4_7-2012q4/bin/../lib/gcc/arm-none-eabi/4.7.3/../../../../arm-none-eabi/lib/armv7e-m/softfp/libg.a(lib_a-fputwc.o)
 .ARM.attributes
                0x00000e8c       0x34 /home/aghosh01/gcc-arm-none-eabi-4_7-2012q4/bin/../lib/gcc/arm-none-eabi/4.7.3/../../../../arm-none-eabi/lib/armv7e-m/softfp/libg.a(lib_a-fstatr.o)
 .ARM.attributes
                0x00000ec0       0x34 /home/aghosh01/gcc-arm-none-eabi-4_7-2012q4/bin/../lib/gcc/arm-none-eabi/4.7.3/../../../../arm-none-eabi/lib/armv7e-m/softfp/libg.a(lib_a-fvwrite.o)
 .ARM.attributes
                0x00000ef4       0x34 /home/aghosh01/gcc-arm-none-eabi-4_7-2012q4/bin/../lib/gcc/arm-none-eabi/4.7.3/../../../../arm-none-eabi/lib/armv7e-m/softfp/libg.a(lib_a-isattyr.o)
 .ARM.attributes
                0x00000f28       0x34 /home/aghosh01/gcc-arm-none-eabi-4_7-2012q4/bin/../lib/gcc/arm-none-eabi/4.7.3/../../../../arm-none-eabi/lib/armv7e-m/softfp/libg.a(lib_a-lseekr.o)
 .ARM.attributes
                0x00000f5c       0x34 /home/aghosh01/gcc-arm-none-eabi-4_7-2012q4/bin/../lib/gcc/arm-none-eabi/4.7.3/../../../../arm-none-eabi/lib/armv7e-m/softfp/libg.a(lib_a-memmove.o)
 .ARM.attributes
                0x00000f90       0x34 /home/aghosh01/gcc-arm-none-eabi-4_7-2012q4/bin/../lib/gcc/arm-none-eabi/4.7.3/../../../../arm-none-eabi/lib/armv7e-m/softfp/libg.a(lib_a-readr.o)
 .ARM.attributes
                0x00000fc4       0x34 /home/aghosh01/gcc-arm-none-eabi-4_7-2012q4/bin/../lib/gcc/arm-none-eabi/4.7.3/../../../../arm-none-eabi/lib/armv7e-m/softfp/libg.a(lib_a-reallocr.o)
 .ARM.attributes
                0x00000ff8       0x34 /home/aghosh01/gcc-arm-none-eabi-4_7-2012q4/bin/../lib/gcc/arm-none-eabi/4.7.3/../../../../arm-none-eabi/lib/armv7e-m/softfp/libg.a(lib_a-wbuf.o)
 .ARM.attributes
                0x0000102c       0x34 /home/aghosh01/gcc-arm-none-eabi-4_7-2012q4/bin/../lib/gcc/arm-none-eabi/4.7.3/../../../../arm-none-eabi/lib/armv7e-m/softfp/libg.a(lib_a-wcrtomb.o)
 .ARM.attributes
                0x00001060       0x34 /home/aghosh01/gcc-arm-none-eabi-4_7-2012q4/bin/../lib/gcc/arm-none-eabi/4.7.3/../../../../arm-none-eabi/lib/armv7e-m/softfp/libg.a(lib_a-wctomb_r.o)
 .ARM.attributes
                0x00001094       0x24 /home/aghosh01/gcc-arm-none-eabi-4_7-2012q4/bin/../lib/gcc/arm-none-eabi/4.7.3/armv7e-m/softfp/libgcc.a(_aeabi_uldivmod.o)
 .ARM.attributes
                0x000010b8       0x34 /home/aghosh01/gcc-arm-none-eabi-4_7-2012q4/bin/../lib/gcc/arm-none-eabi/4.7.3/armv7e-m/softfp/libgcc.a(bpabi.o)
 .ARM.attributes
                0x000010ec       0x24 /home/aghosh01/gcc-arm-none-eabi-4_7-2012q4/bin/../lib/gcc/arm-none-eabi/4.7.3/armv7e-m/softfp/libgcc.a(_dvmd_tls.o)
 .ARM.attributes
                0x00001110       0x34 /home/aghosh01/gcc-arm-none-eabi-4_7-2012q4/bin/../lib/gcc/arm-none-eabi/4.7.3/armv7e-m/softfp/libgcc.a(_divdi3.o)
 .ARM.attributes
                0x00001144       0x34 /home/aghosh01/gcc-arm-none-eabi-4_7-2012q4/bin/../lib/gcc/arm-none-eabi/4.7.3/armv7e-m/softfp/libgcc.a(_udivdi3.o)
 .ARM.attributes
                0x00001178       0x24 /home/aghosh01/gcc-arm-none-eabi-4_7-2012q4/bin/../lib/gcc/arm-none-eabi/4.7.3/armv7e-m/softfp/crtn.o
OUTPUT(STM32F3x.elf elf32-littlearm)

.debug_info     0x00000000     0xd21b
 .debug_info    0x00000000      0x9d3 ./src/debug.o
 .debug_info    0x000009d3     0x1066 ./src/interrupt_defs.o
 .debug_info    0x00001a39     0x155e ./src/main.o
 .debug_info    0x00002f97      0x866 ./src/newlib_stubs.o
 .debug_info    0x000037fd      0x791 ./src/os.o
 .debug_info    0x00003f8e      0x90f ./src/pwm.o
 .debug_info    0x0000489d       0x75 ./src/startup_stm32f30x.o
 .debug_info    0x00004912     0x14b5 ./src/stm32f30x_adc.o
 .debug_info    0x00005dc7      0x2ee ./src/stm32f30x_comp.o
 .debug_info    0x000060b5      0x4b5 ./src/stm32f30x_dma.o
 .debug_info    0x0000656a      0x3f4 ./src/stm32f30x_exti.o
 .debug_info    0x0000695e      0x63f ./src/stm32f30x_gpio.o
 .debug_info    0x00006f9d      0x596 ./src/stm32f30x_misc.o
 .debug_info    0x00007533      0xb85 ./src/stm32f30x_rcc.o
 .debug_info    0x000080b8      0xc50 ./src/stm32f30x_spi.o
 .debug_info    0x00008d08      0x3fd ./src/stm32f30x_syscfg.o
 .debug_info    0x00009105     0x2404 ./src/stm32f30x_tim.o
 .debug_info    0x0000b509      0xfe1 ./src/stm32f30x_usart.o
 .debug_info    0x0000c4ea      0x854 ./src/stm32f3_discovery_l3gd20.o
 .debug_info    0x0000cd3e      0x4dd ./src/system_stm32f30x.o

.debug_abbrev   0x00000000     0x1e6f
 .debug_abbrev  0x00000000      0x14a ./src/debug.o
 .debug_abbrev  0x0000014a      0x213 ./src/interrupt_defs.o
 .debug_abbrev  0x0000035d      0x281 ./src/main.o
 .debug_abbrev  0x000005de      0x201 ./src/newlib_stubs.o
 .debug_abbrev  0x000007df      0x1d5 ./src/os.o
 .debug_abbrev  0x000009b4      0x168 ./src/pwm.o
 .debug_abbrev  0x00000b1c       0x12 ./src/startup_stm32f30x.o
 .debug_abbrev  0x00000b2e      0x195 ./src/stm32f30x_adc.o
 .debug_abbrev  0x00000cc3      0x126 ./src/stm32f30x_comp.o
 .debug_abbrev  0x00000de9      0x15a ./src/stm32f30x_dma.o
 .debug_abbrev  0x00000f43      0x17f ./src/stm32f30x_exti.o
 .debug_abbrev  0x000010c2      0x199 ./src/stm32f30x_gpio.o
 .debug_abbrev  0x0000125b      0x12c ./src/stm32f30x_misc.o
 .debug_abbrev  0x00001387      0x1e8 ./src/stm32f30x_rcc.o
 .debug_abbrev  0x0000156f      0x18e ./src/stm32f30x_spi.o
 .debug_abbrev  0x000016fd      0x186 ./src/stm32f30x_syscfg.o
 .debug_abbrev  0x00001883      0x18c ./src/stm32f30x_tim.o
 .debug_abbrev  0x00001a0f      0x15a ./src/stm32f30x_usart.o
 .debug_abbrev  0x00001b69      0x1bc ./src/stm32f3_discovery_l3gd20.o
 .debug_abbrev  0x00001d25      0x14a ./src/system_stm32f30x.o

.debug_loc      0x00000000     0x5dbe
 .debug_loc     0x00000000       0xa8 ./src/debug.o
 .debug_loc     0x000000a8      0x25a ./src/interrupt_defs.o
 .debug_loc     0x00000302      0x364 ./src/main.o
 .debug_loc     0x00000666      0x3a0 ./src/newlib_stubs.o
 .debug_loc     0x00000a06      0x150 ./src/os.o
 .debug_loc     0x00000b56      0x190 ./src/pwm.o
 .debug_loc     0x00000ce6      0xdc8 ./src/stm32f30x_adc.o
 .debug_loc     0x00001aae      0x1c0 ./src/stm32f30x_comp.o
 .debug_loc     0x00001c6e      0x268 ./src/stm32f30x_dma.o
 .debug_loc     0x00001ed6      0x1b4 ./src/stm32f30x_exti.o
 .debug_loc     0x0000208a      0x2d8 ./src/stm32f30x_gpio.o
 .debug_loc     0x00002362      0x118 ./src/stm32f30x_misc.o
 .debug_loc     0x0000247a      0x864 ./src/stm32f30x_rcc.o
 .debug_loc     0x00002cde      0x702 ./src/stm32f30x_spi.o
 .debug_loc     0x000033e0      0x2f8 ./src/stm32f30x_syscfg.o
 .debug_loc     0x000036d8     0x18f0 ./src/stm32f30x_tim.o
 .debug_loc     0x00004fc8      0xaba ./src/stm32f30x_usart.o
 .debug_loc     0x00005a82      0x2a0 ./src/stm32f3_discovery_l3gd20.o
 .debug_loc     0x00005d22       0x9c ./src/system_stm32f30x.o

.debug_aranges  0x00000000      0x288
 .debug_aranges
                0x00000000       0x20 ./src/debug.o
 .debug_aranges
                0x00000020       0x20 ./src/interrupt_defs.o
 .debug_aranges
                0x00000040       0x20 ./src/main.o
 .debug_aranges
                0x00000060       0x20 ./src/newlib_stubs.o
 .debug_aranges
                0x00000080       0x20 ./src/os.o
 .debug_aranges
                0x000000a0       0x20 ./src/pwm.o
 .debug_aranges
                0x000000c0       0x28 ./src/startup_stm32f30x.o
 .debug_aranges
                0x000000e8       0x20 ./src/stm32f30x_adc.o
 .debug_aranges
                0x00000108       0x20 ./src/stm32f30x_comp.o
 .debug_aranges
                0x00000128       0x20 ./src/stm32f30x_dma.o
 .debug_aranges
                0x00000148       0x20 ./src/stm32f30x_exti.o
 .debug_aranges
                0x00000168       0x20 ./src/stm32f30x_gpio.o
 .debug_aranges
                0x00000188       0x20 ./src/stm32f30x_misc.o
 .debug_aranges
                0x000001a8       0x20 ./src/stm32f30x_rcc.o
 .debug_aranges
                0x000001c8       0x20 ./src/stm32f30x_spi.o
 .debug_aranges
                0x000001e8       0x20 ./src/stm32f30x_syscfg.o
 .debug_aranges
                0x00000208       0x20 ./src/stm32f30x_tim.o
 .debug_aranges
                0x00000228       0x20 ./src/stm32f30x_usart.o
 .debug_aranges
                0x00000248       0x20 ./src/stm32f3_discovery_l3gd20.o
 .debug_aranges
                0x00000268       0x20 ./src/system_stm32f30x.o

.debug_macro    0x00000000    0x11c11
 .debug_macro   0x00000000      0x267 ./src/debug.o
 .debug_macro   0x00000267      0x814 ./src/debug.o
 .debug_macro   0x00000a7b       0x4c ./src/debug.o
 .debug_macro   0x00000ac7       0x7b ./src/debug.o
 .debug_macro   0x00000b42       0x3b ./src/debug.o
 .debug_macro   0x00000b7d      0x214 ./src/debug.o
 .debug_macro   0x00000d91       0x18 ./src/debug.o
 .debug_macro   0x00000da9       0x42 ./src/debug.o
 .debug_macro   0x00000deb      0xc91 ./src/debug.o
 .debug_macro   0x00001a7c     0x76cc ./src/debug.o
 .debug_macro   0x00009148      0x5a6 ./src/debug.o
 .debug_macro   0x000096ee      0x3c9 ./src/debug.o
 .debug_macro   0x00009ab7       0x40 ./src/debug.o
 .debug_macro   0x00009af7      0x22b ./src/debug.o
 .debug_macro   0x00009d22      0x190 ./src/debug.o
 .debug_macro   0x00009eb2       0x88 ./src/debug.o
 .debug_macro   0x00009f3a      0x3a2 ./src/debug.o
 .debug_macro   0x0000a2dc      0x10e ./src/debug.o
 .debug_macro   0x0000a3ea      0x1de ./src/debug.o
 .debug_macro   0x0000a5c8      0x1b0 ./src/debug.o
 .debug_macro   0x0000a778      0x1d9 ./src/debug.o
 .debug_macro   0x0000a951      0x294 ./src/debug.o
 .debug_macro   0x0000abe5       0x6a ./src/debug.o
 .debug_macro   0x0000ac4f      0x106 ./src/debug.o
 .debug_macro   0x0000ad55       0xb2 ./src/debug.o