Archive member included because of file (symbol)

/home/aghosh01/gcc-arm-none-eabi-4_7-2012q4/bin/../lib/gcc/arm-none-eabi/4.7.3/../../../../arm-none-eabi/lib/armv7e-m/softfp/libm.a(lib_a-w_sqrt.o)
                              ./src/pwm.o (sqrt)
/home/aghosh01/gcc-arm-none-eabi-4_7-2012q4/bin/../lib/gcc/arm-none-eabi/4.7.3/../../../../arm-none-eabi/lib/armv7e-m/softfp/libm.a(lib_a-e_sqrt.o)
                              /home/aghosh01/gcc-arm-none-eabi-4_7-2012q4/bin/../lib/gcc/arm-none-eabi/4.7.3/../../../../arm-none-eabi/lib/armv7e-m/softfp/libm.a(lib_a-w_sqrt.o) (__ieee754_sqrt)
/home/aghosh01/gcc-arm-none-eabi-4_7-2012q4/bin/../lib/gcc/arm-none-eabi/4.7.3/../../../../arm-none-eabi/lib/armv7e-m/softfp/libm.a(lib_a-s_fpclassify.o)
                              /home/aghosh01/gcc-arm-none-eabi-4_7-2012q4/bin/../lib/gcc/arm-none-eabi/4.7.3/../../../../arm-none-eabi/lib/armv7e-m/softfp/libm.a(lib_a-w_sqrt.o) (__fpclassifyd)
/home/aghosh01/gcc-arm-none-eabi-4_7-2012q4/bin/../lib/gcc/arm-none-eabi/4.7.3/../../../../arm-none-eabi/lib/armv7e-m/softfp/libm.a(lib_a-s_lib_ver.o)
                              /home/aghosh01/gcc-arm-none-eabi-4_7-2012q4/bin/../lib/gcc/arm-none-eabi/4.7.3/../../../../arm-none-eabi/lib/armv7e-m/softfp/libm.a(lib_a-w_sqrt.o) (__fdlib_version)
/home/aghosh01/gcc-arm-none-eabi-4_7-2012q4/bin/../lib/gcc/arm-none-eabi/4.7.3/../../../../arm-none-eabi/lib/armv7e-m/softfp/libm.a(lib_a-s_matherr.o)
                              /home/aghosh01/gcc-arm-none-eabi-4_7-2012q4/bin/../lib/gcc/arm-none-eabi/4.7.3/../../../../arm-none-eabi/lib/armv7e-m/softfp/libm.a(lib_a-w_sqrt.o) (matherr)
/home/aghosh01/gcc-arm-none-eabi-4_7-2012q4/bin/../lib/gcc/arm-none-eabi/4.7.3/armv7e-m/softfp/libgcc.a(_arm_addsubdf3.o)
                              /home/aghosh01/gcc-arm-none-eabi-4_7-2012q4/bin/../lib/gcc/arm-none-eabi/4.7.3/../../../../arm-none-eabi/lib/armv7e-m/softfp/libm.a(lib_a-e_sqrt.o) (__aeabi_dsub)
/home/aghosh01/gcc-arm-none-eabi-4_7-2012q4/bin/../lib/gcc/arm-none-eabi/4.7.3/armv7e-m/softfp/libgcc.a(_arm_muldivdf3.o)
                              /home/aghosh01/gcc-arm-none-eabi-4_7-2012q4/bin/../lib/gcc/arm-none-eabi/4.7.3/../../../../arm-none-eabi/lib/armv7e-m/softfp/libm.a(lib_a-e_sqrt.o) (__aeabi_dmul)
/home/aghosh01/gcc-arm-none-eabi-4_7-2012q4/bin/../lib/gcc/arm-none-eabi/4.7.3/armv7e-m/softfp/libgcc.a(_arm_cmpdf2.o)
                              /home/aghosh01/gcc-arm-none-eabi-4_7-2012q4/bin/../lib/gcc/arm-none-eabi/4.7.3/../../../../arm-none-eabi/lib/armv7e-m/softfp/libm.a(lib_a-w_sqrt.o) (__aeabi_dcmplt)
/home/aghosh01/gcc-arm-none-eabi-4_7-2012q4/bin/../lib/gcc/arm-none-eabi/4.7.3/armv7e-m/softfp/libgcc.a(_arm_fixdfsi.o)
                              ./src/pwm.o (__aeabi_d2iz)
/home/aghosh01/gcc-arm-none-eabi-4_7-2012q4/bin/../lib/gcc/arm-none-eabi/4.7.3/../../../../arm-none-eabi/lib/armv7e-m/softfp/libg.a(lib_a-__atexit.o)
                              /home/aghosh01/gcc-arm-none-eabi-4_7-2012q4/bin/../lib/gcc/arm-none-eabi/4.7.3/../../../../arm-none-eabi/lib/armv7e-m/softfp/crt0.o (__register_exitproc)
/home/aghosh01/gcc-arm-none-eabi-4_7-2012q4/bin/../lib/gcc/arm-none-eabi/4.7.3/../../../../arm-none-eabi/lib/armv7e-m/softfp/libg.a(lib_a-errno.o)
                              /home/aghosh01/gcc-arm-none-eabi-4_7-2012q4/bin/../lib/gcc/arm-none-eabi/4.7.3/../../../../arm-none-eabi/lib/armv7e-m/softfp/libm.a(lib_a-w_sqrt.o) (__errno)
/home/aghosh01/gcc-arm-none-eabi-4_7-2012q4/bin/../lib/gcc/arm-none-eabi/4.7.3/../../../../arm-none-eabi/lib/armv7e-m/softfp/libg.a(lib_a-exit.o)
                              /home/aghosh01/gcc-arm-none-eabi-4_7-2012q4/bin/../lib/gcc/arm-none-eabi/4.7.3/../../../../arm-none-eabi/lib/armv7e-m/softfp/crt0.o (exit)
/home/aghosh01/gcc-arm-none-eabi-4_7-2012q4/bin/../lib/gcc/arm-none-eabi/4.7.3/../../../../arm-none-eabi/lib/armv7e-m/softfp/libg.a(lib_a-fini.o)
                              /home/aghosh01/gcc-arm-none-eabi-4_7-2012q4/bin/../lib/gcc/arm-none-eabi/4.7.3/../../../../arm-none-eabi/lib/armv7e-m/softfp/crt0.o (__libc_fini_array)
/home/aghosh01/gcc-arm-none-eabi-4_7-2012q4/bin/../lib/gcc/arm-none-eabi/4.7.3/../../../../arm-none-eabi/lib/armv7e-m/softfp/libg.a(lib_a-impure.o)
                              /home/aghosh01/gcc-arm-none-eabi-4_7-2012q4/bin/../lib/gcc/arm-none-eabi/4.7.3/../../../../arm-none-eabi/lib/armv7e-m/softfp/libg.a(lib_a-__atexit.o) (_global_impure_ptr)
/home/aghosh01/gcc-arm-none-eabi-4_7-2012q4/bin/../lib/gcc/arm-none-eabi/4.7.3/../../../../arm-none-eabi/lib/armv7e-m/softfp/libg.a(lib_a-init.o)
                              /home/aghosh01/gcc-arm-none-eabi-4_7-2012q4/bin/../lib/gcc/arm-none-eabi/4.7.3/../../../../arm-none-eabi/lib/armv7e-m/softfp/crt0.o (__libc_init_array)
/home/aghosh01/gcc-arm-none-eabi-4_7-2012q4/bin/../lib/gcc/arm-none-eabi/4.7.3/../../../../arm-none-eabi/lib/armv7e-m/softfp/libg.a(lib_a-memset.o)
[...]
Memory Configuration

Name             Origin             Length             Attributes
FLASH            0x08000000         0x00040000         xr
RAM              0x20000000         0x0000a000         xrw
MEMORY_B1        0x60000000         0x00000000         xr
CCMRAM           0x10000000         0x00002000         rw
*default*        0x00000000         0xffffffff

Linker script and memory map

LOAD /home/aghosh01/gcc-arm-none-eabi-4_7-2012q4/bin/../lib/gcc/arm-none-eabi/4.7.3/armv7e-m/softfp/crti.o
LOAD /home/aghosh01/gcc-arm-none-eabi-4_7-2012q4/bin/../lib/gcc/arm-none-eabi/4.7.3/armv7e-m/softfp/crtbegin.o
LOAD /home/aghosh01/gcc-arm-none-eabi-4_7-2012q4/bin/../lib/gcc/arm-none-eabi/4.7.3/../../../../arm-none-eabi/lib/armv7e-m/softfp/crt0.o
LOAD ./src/debug.o
LOAD ./src/encoder.o
LOAD ./src/interrupt_defs.o
LOAD ./src/main.o
LOAD ./src/newlib_stubs.o
LOAD ./src/os.o
LOAD ./src/pwm.o
LOAD ./src/startup_stm32f30x.o
LOAD ./src/stm32f30x_adc.o
LOAD ./src/stm32f30x_can.o
LOAD ./src/stm32f30x_comp.o
LOAD ./src/stm32f30x_crc.o
LOAD ./src/stm32f30x_dac.o
LOAD ./src/stm32f30x_dbgmcu.o
LOAD ./src/stm32f30x_dma.o
LOAD ./src/stm32f30x_exti.o
LOAD ./src/stm32f30x_flash.o
LOAD ./src/stm32f30x_gpio.o
LOAD ./src/stm32f30x_i2c.o
LOAD ./src/stm32f30x_iwdg.o
LOAD ./src/stm32f30x_misc.o
LOAD ./src/stm32f30x_opamp.o
LOAD ./src/stm32f30x_pwr.o
LOAD ./src/stm32f30x_rcc.o
LOAD ./src/stm32f30x_rtc.o
LOAD ./src/stm32f30x_spi.o
LOAD ./src/stm32f30x_syscfg.o
LOAD ./src/stm32f30x_tim.o
LOAD ./src/stm32f30x_usart.o
LOAD ./src/stm32f30x_wwdg.o
LOAD ./src/stm32f3_discovery_l3gd20.o
LOAD ./src/system_stm32f30x.o
LOAD /home/aghosh01/gcc-arm-none-eabi-4_7-2012q4/bin/../lib/gcc/arm-none-eabi/4.7.3/../../../../arm-none-eabi/lib/armv7e-m/softfp/libstdc++.a
LOAD /home/aghosh01/gcc-arm-none-eabi-4_7-2012q4/bin/../lib/gcc/arm-none-eabi/4.7.3/../../../../arm-none-eabi/lib/armv7e-m/softfp/libm.a
START GROUP
LOAD /home/aghosh01/gcc-arm-none-eabi-4_7-2012q4/bin/../lib/gcc/arm-none-eabi/4.7.3/armv7e-m/softfp/libgcc.a
LOAD /home/aghosh01/gcc-arm-none-eabi-4_7-2012q4/bin/../lib/gcc/arm-none-eabi/4.7.3/../../../../arm-none-eabi/lib/armv7e-m/softfp/libg.a
LOAD /home/aghosh01/gcc-arm-none-eabi-4_7-2012q4/bin/../lib/gcc/arm-none-eabi/4.7.3/../../../../arm-none-eabi/lib/armv7e-m/softfp/libc.a
END GROUP
LOAD /home/aghosh01/gcc-arm-none-eabi-4_7-2012q4/bin/../lib/gcc/arm-none-eabi/4.7.3/armv7e-m/softfp/crtend.o
LOAD /home/aghosh01/gcc-arm-none-eabi-4_7-2012q4/bin/../lib/gcc/arm-none-eabi/4.7.3/armv7e-m/softfp/crtn.o
                0x2000a000                _estack = 0x2000a000
                0x00000000                _Min_Heap_Size = 0x0
                0x00000200                _Min_Stack_Size = 0x200

.isr_vector     0x08000000      0x188
                0x08000000                . = ALIGN (0x4)
 *(.isr_vector)
 .isr_vector    0x08000000      0x188 ./src/startup_stm32f30x.o
                0x08000000                g_pfnVectors
                0x08000188                . = ALIGN (0x4)

.text           0x08000188     0x50e4
                0x08000188                . = ALIGN (0x4)
 *(.text)
 .text          0x08000188       0x54 /home/aghosh01/gcc-arm-none-eabi-4_7-2012q4/bin/../lib/gcc/arm-none-eabi/4.7.3/armv7e-m/softfp/crtbegin.o
 .text          0x080001dc      0x254 ./src/debug.o
                0x080001dc                blink_leds()
                0x08000268                UART1_init()
                0x08000364                LED_MATRIX_ISR_init()
 .text          0x08000430      0x13c ./src/interrupt_defs.o
                0x08000430                SVC_Handler
                0x080004ac                PendSV_Handler
                0x080004d0                SysTick_Handler
                0x0800054c                HardFault_Handler
                0x08000554                MemManage_Handler
                0x0800055c                BusFault_Handler
                0x08000564                UsageFault_Handler
 .text          0x0800056c       0xa4 ./src/main.o
                0x0800056c                task1()
                0x08000590                task2()
                0x080005b4                main
 .text          0x08000610      0x1a8 ./src/os.o
                0x080006d0                read_current_msp_val()
                0x080006ec                processTable_init(process_block*)
                0x08000760                create_task(void*, process_block*)
                0x0800077c                OS_init(process_block*)
 .text          0x080007b8      0x4ac ./src/stm32f30x_gpio.o
                0x080007b8                GPIO_DeInit
                0x080008b0                GPIO_Init
                0x08000a00                GPIO_StructInit
                0x08000a3c                GPIO_PinLockConfig
                0x08000a80                GPIO_ReadInputDataBit
                0x08000ac0                GPIO_ReadInputData
                0x08000adc                GPIO_ReadOutputDataBit
                0x08000b1c                GPIO_ReadOutputData
                0x08000b38                GPIO_SetBits
                0x08000b54                GPIO_ResetBits
                0x08000b70                GPIO_WriteBit
                0x08000ba0                GPIO_Write
                0x08000bbc                GPIO_PinAFConfig
 .text          0x08000c64      0x1dc ./src/stm32f30x_misc.o
                0x08000c64                NVIC_PriorityGroupConfig
                0x08000c8c                NVIC_Init
                0x08000d74                NVIC_SetVectorTable
                0x08000da0                NVIC_SystemLPConfig
                0x08000df4                SysTick_CLKSourceConfig
 .text          0x08000e40     0x104c ./src/stm32f30x_rcc.o
                0x08000e40                RCC_DeInit
                0x08000f14                RCC_HSEConfig
                0x08000f44                RCC_WaitForHSEStartUp
                0x08000fa8                RCC_AdjustHSICalibrationValue
                0x08000ff0                RCC_HSICmd
                0x08001010                RCC_LSEConfig
                0x0800106c                RCC_LSEDriveConfig
                0x080010b0                RCC_LSICmd
                0x080010d0                RCC_PLLConfig
                0x08001118                RCC_PLLCmd
                0x08001138                RCC_PREDIV1Config
                0x08001178                RCC_ClockSecuritySystemCmd
                0x08001198                RCC_MCOConfig
                0x080011b8                RCC_SYSCLKConfig
                0x080011f8                RCC_GetSYSCLKSource
                0x08001218                RCC_HCLKConfig
                0x08001258                RCC_PCLK1Config
                0x08001298                RCC_PCLK2Config
                0x080012dc                RCC_GetClocksFreq
                0x0800182c                RCC_ADCCLKConfig
                0x0800189c                RCC_I2CCLKConfig
                0x0800190c                RCC_TIMCLKConfig
                0x0800197c                RCC_USARTCLKConfig
                0x08001a60                RCC_USBCLKConfig
                0x08001a80                RCC_RTCCLKConfig
                0x08001aac                RCC_I2SCLKConfig
                0x08001acc                RCC_RTCCLKCmd
                0x08001aec                RCC_BackupResetCmd
                0x08001b0c                RCC_AHBPeriphClockCmd
                0x08001b60                RCC_APB2PeriphClockCmd
                0x08001bb4                RCC_APB1PeriphClockCmd
                0x08001c08                RCC_AHBPeriphResetCmd
                0x08001c5c                RCC_APB2PeriphResetCmd
                0x08001cb0                RCC_APB1PeriphResetCmd
                0x08001d04                RCC_ITConfig
                0x08001d64                RCC_GetFlagStatus
                0x08001e08                RCC_ClearFlag
                0x08001e2c                RCC_GetITStatus
                0x08001e6c                RCC_ClearITPendingBit
 .text          0x08001e8c     0x21b4 ./src/stm32f30x_tim.o
                0x08001e8c                TIM_DeInit
                0x08002024                TIM_TimeBaseInit
                0x08002134                TIM_TimeBaseStructInit
                0x08002170                TIM_PrescalerConfig
                0x08002198                TIM_CounterModeConfig
                0x080021d0                TIM_SetCounter
                0x080021ec                TIM_SetAutoreload
                0x08002208                TIM_GetCounter
                0x08002220                TIM_GetPrescaler
                0x0800223c                TIM_UpdateDisableConfig
                0x0800227c                TIM_UpdateRequestConfig
                0x080022bc                TIM_UIFRemap
                0x080022fc                TIM_ARRPreloadConfig
                0x0800233c                TIM_SelectOnePulseMode
                0x08002374                TIM_SetClockDivision
                0x080023ac                TIM_Cmd
                0x080023ec                TIM_OC1Init
                0x08002514                TIM_OC2Init
                0x0800262c                TIM_OC3Init
                0x0800273c                TIM_OC4Init
                0x08002810                TIM_OC5Init
                0x080028d8                TIM_OC6Init
                0x08002994                TIM_SelectGC5C1
                0x080029cc                TIM_SelectGC5C2
                0x08002a04                TIM_SelectGC5C3
                0x08002a3c                TIM_OCStructInit
                0x08002a90                TIM_SelectOCxM
                0x08002b4c                TIM_SetCompare1
                0x08002b68                TIM_SetCompare2
                0x08002b84                TIM_SetCompare3
                0x08002ba0                TIM_SetCompare4
                0x08002bbc                TIM_SetCompare5
                0x08002bd8                TIM_SetCompare6
                0x08002bf4                TIM_ForcedOC1Config
                0x08002c30                TIM_ForcedOC2Config
                0x08002c70                TIM_ForcedOC3Config
                0x08002ca8                TIM_ForcedOC4Config
                0x08002ce4                TIM_ForcedOC5Config
                0x08002d1c                TIM_ForcedOC6Config
                0x08002d58                TIM_OC1PreloadConfig
                0x08002d90                TIM_OC2PreloadConfig
                0x08002dcc                TIM_OC3PreloadConfig
                0x08002e04                TIM_OC4PreloadConfig
                0x08002e40                TIM_OC5PreloadConfig
                0x08002e78                TIM_OC6PreloadConfig
                0x08002eb4                TIM_OC1FastConfig
                0x08002eec                TIM_OC2FastConfig
                0x08002f28                TIM_OC3FastConfig
                0x08002f60                TIM_OC4FastConfig
                0x08002f9c                TIM_ClearOC1Ref
                0x08002fd4                TIM_ClearOC2Ref
                0x08003010                TIM_ClearOC3Ref
                0x08003048                TIM_ClearOC4Ref
                0x08003084                TIM_ClearOC5Ref
                0x080030bc                TIM_ClearOC6Ref
                0x080030f8                TIM_SelectOCREFClear
                0x08003128                TIM_OC1PolarityConfig
                0x08003160                TIM_OC1NPolarityConfig
                0x08003198                TIM_OC2PolarityConfig
                0x080031d4                TIM_OC2NPolarityConfig
                0x08003210                TIM_OC3PolarityConfig
                0x0800324c                TIM_OC3NPolarityConfig
                0x08003288                TIM_OC4PolarityConfig
                0x080032c4                TIM_OC5PolarityConfig
                0x08003300                TIM_OC6PolarityConfig
                0x0800333c                TIM_CCxCmd
                0x0800338c                TIM_CCxNCmd
                0x080033dc                TIM_ICInit
                0x08003484                TIM_ICStructInit
                0x080034c0                TIM_PWMIConfig
                0x08003584                TIM_GetCapture1
                0x0800359c                TIM_GetCapture2
                0x080035b4                TIM_GetCapture3
                0x080035cc                TIM_GetCapture4
                0x080035e4                TIM_SetIC1Prescaler
                0x08003614                TIM_SetIC2Prescaler
                0x08003648                TIM_SetIC3Prescaler
                0x08003678                TIM_SetIC4Prescaler
                0x080036b0                TIM_BDTRConfig
                0x08003700                TIM_Break1Config
                0x08003738                TIM_Break2Config
                0x08003770                TIM_Break1Cmd
                0x080037a8                TIM_Break2Cmd
                0x080037e0                TIM_BDTRStructInit
                0x0800382c                TIM_CtrlPWMOutputs
                0x08003868                TIM_SelectCOM
                0x080038a0                TIM_CCPreloadControl
                0x080038d8                TIM_ITConfig
                0x08003918                TIM_GenerateEvent
                0x08003934                TIM_GetFlagStatus
                0x0800396c                TIM_ClearFlag
                0x08003990                TIM_GetITStatus
                0x080039f0                TIM_ClearITPendingBit
                0x08003a14                TIM_DMAConfig
                0x08003a3c                TIM_DMACmd
                0x08003a7c                TIM_SelectCCDMA
                0x08003ab4                TIM_InternalClockConfig
                0x08003ad4                TIM_ITRxExternalClockConfig
                0x08003b00                TIM_TIxExternalClockConfig
                0x08003b54                TIM_ETRClockMode1Config
                0x08003ba8                TIM_ETRClockMode2Config
                0x08003bd8                TIM_SelectInputTrigger
                0x08003c10                TIM_SelectOutputTrigger
                0x08003c40                TIM_SelectOutputTrigger2
                0x08003c6c                TIM_SelectSlaveMode
                0x08003c9c                TIM_SelectMasterSlaveMode
                0x08003ccc                TIM_ETRConfig
                0x08003d18                TIM_EncoderInterfaceConfig
                0x08003dac                TIM_SelectHallSensor
                0x08003de4                TIM_RemapConfig
 .text          0x08004040      0xcf8 ./src/stm32f30x_usart.o
                0x08004040                USART_DeInit
                0x08004118                USART_Init
                0x080042a8                USART_StructInit
                0x080042ec                USART_ClockInit
                0x08004338                USART_ClockStructInit
                0x0800436c                USART_Cmd
                0x080043a4                USART_DirectionModeCmd
                0x080043e0                USART_OverSampling8Cmd
                0x08004418                USART_OneBitMethodCmd
                0x08004450                USART_MSBFirstCmd
                0x08004488                USART_DataInvCmd
                0x080044c0                USART_InvPinCmd
                0x080044fc                USART_SWAPPinCmd
                0x08004534                USART_ReceiverTimeOutCmd
                0x0800456c                USART_SetReceiverTimeOut
                0x08004598                USART_SetPrescaler
                0x080045d0                USART_STOPModeCmd
                0x08004608                USART_StopModeWakeUpSourceConfig
                0x08004634                USART_AutoBaudRateCmd
                0x0800466c                USART_AutoBaudRateConfig
                0x08004698                USART_SendData
                0x080046c0                USART_ReceiveData
                0x080046e4                USART_SetAddress
                0x08004718                USART_MuteModeCmd
                0x08004750                USART_MuteModeWakeUpConfig
                0x0800477c                USART_AddressDetectionConfig
                0x080047a8                USART_LINBreakDetectLengthConfig
                0x080047d4                USART_LINCmd
                0x0800480c                USART_HalfDuplexCmd
                0x08004844                USART_SetGuardTime
                0x08004880                USART_SmartCardCmd
                0x080048b8                USART_SmartCardNACKCmd
                0x080048f0                USART_SetAutoRetryCount
                0x08004924                USART_SetBlockLength
                0x08004958                USART_IrDAConfig
                0x08004984                USART_IrDACmd
                0x080049bc                USART_DECmd
                0x080049f4                USART_DEPolarityConfig
                0x08004a20                USART_SetDEAssertionTime
                0x08004a50                USART_SetDEDeassertionTime
                0x08004a80                USART_DMACmd
                0x08004abc                USART_DMAReceptionErrorConfig
                0x08004ae8                USART_ITConfig
                0x08004b7c                USART_RequestCmd
                0x08004bc8                USART_OverrunDetectionConfig
                0x08004bf4                USART_GetFlagStatus
                0x08004c2c                USART_ClearFlag
                0x08004c48                USART_GetITStatus
                0x08004cfc                USART_ClearITPendingBit
 .text          0x08004d38      0x3a8 ./src/system_stm32f30x.o
                0x08004d38                SystemInit
                0x08004e34                SystemCoreClockUpdate
 *(.text*)
 .text.Reset_Handler
                0x080050e0       0x4c ./src/startup_stm32f30x.o
                0x080050e0                Reset_Handler
 .text.Default_Handler
                0x0800512c        0x4 ./src/startup_stm32f30x.o
                0x0800512c                RTC_Alarm_IRQHandler
                0x0800512c                TIM8_TRG_COM_IRQHandler
                0x0800512c                TIM8_CC_IRQHandler
                0x0800512c                DebugMon_Handler
                0x0800512c                TIM1_CC_IRQHandler
                0x0800512c                USB_HP_IRQHandler
                0x0800512c                PVD_IRQHandler
                0x0800512c                NMI_Handler
                0x0800512c                EXTI3_IRQHandler
                0x0800512c                EXTI0_IRQHandler
                0x0800512c                I2C2_EV_IRQHandler
                0x0800512c                FPU_IRQHandler
                0x0800512c                EXTI2_TS_IRQHandler
                0x0800512c                TIM1_UP_TIM16_IRQHandler
                0x0800512c                ADC1_2_IRQHandler
                0x0800512c                SPI1_IRQHandler
                0x0800512c                TIM6_DAC_IRQHandler
                0x0800512c                TIM8_UP_IRQHandler
                0x0800512c                DMA2_Channel2_IRQHandler
                0x0800512c                DMA1_Channel4_IRQHandler
                0x0800512c                USART3_IRQHandler
                0x0800512c                DMA1_Channel7_IRQHandler
                0x0800512c                CAN1_RX1_IRQHandler
                0x0800512c                UART5_IRQHandler
                0x0800512c                ADC3_IRQHandler
                0x0800512c                TIM4_IRQHandler
                0x0800512c                DMA2_Channel1_IRQHandler
                0x0800512c                I2C1_EV_IRQHandler
                0x0800512c                DMA1_Channel6_IRQHandler
                0x0800512c                UART4_IRQHandler
                0x0800512c                DMA2_Channel4_IRQHandler
                0x0800512c                TIM3_IRQHandler
                0x0800512c                RCC_IRQHandler
                0x0800512c                DMA1_Channel1_IRQHandler
                0x0800512c                Default_Handler
                0x0800512c                USBWakeUp_RMP_IRQHandler
                0x0800512c                EXTI15_10_IRQHandler
                0x0800512c                TIM7_IRQHandler
                0x0800512c                EXTI9_5_IRQHandler
                0x0800512c                TAMPER_STAMP_IRQHandler
                0x0800512c                RTC_WKUP_IRQHandler
                0x0800512c                SPI2_IRQHandler
                0x0800512c                DMA2_Channel5_IRQHandler
                0x0800512c                DMA1_Channel5_IRQHandler
                0x0800512c                USB_LP_IRQHandler
                0x0800512c                EXTI4_IRQHandler
                0x0800512c                USB_LP_CAN1_RX0_IRQHandler
                0x0800512c                TIM1_TRG_COM_TIM17_IRQHandler
                0x0800512c                USB_HP_CAN1_TX_IRQHandler
                0x0800512c                DMA1_Channel3_IRQHandler
                0x0800512c                ADC4_IRQHandler
                0x0800512c                WWDG_IRQHandler
                0x0800512c                TIM2_IRQHandler
                0x0800512c                COMP7_IRQHandler
                0x0800512c                COMP1_2_3_IRQHandler
                0x0800512c                EXTI1_IRQHandler
                0x0800512c                USART2_IRQHandler
                0x0800512c                COMP4_5_6_IRQHandler
                0x0800512c                I2C2_ER_IRQHandler
                0x0800512c                DMA1_Channel2_IRQHandler
                0x0800512c                TIM8_BRK_IRQHandler
                0x0800512c                CAN1_SCE_IRQHandler
                0x0800512c                FLASH_IRQHandler
                0x0800512c                USART1_IRQHandler
                0x0800512c                SPI3_IRQHandler
                0x0800512c                I2C1_ER_IRQHandler
                0x0800512c                USBWakeUp_IRQHandler
                0x0800512c                DMA2_Channel3_IRQHandler
                0x0800512c                TIM1_BRK_TIM15_IRQHandler
 .text.__register_exitproc
                0x08005130       0xac /home/aghosh01/gcc-arm-none-eabi-4_7-2012q4/bin/../lib/gcc/arm-none-eabi/4.7.3/../../../../arm-none-eabi/lib/armv7e-m/softfp/libg.a(lib_a-__atexit.o)
                0x08005130                __register_exitproc
 .text.__libc_fini_array
                0x080051dc       0x50 /home/aghosh01/gcc-arm-none-eabi-4_7-2012q4/bin/../lib/gcc/arm-none-eabi/4.7.3/../../../../arm-none-eabi/lib/armv7e-m/softfp/libg.a(lib_a-fini.o)
                0x080051dc                __libc_fini_array
 .text.startup.register_fini
                0x0800522c       0x14 /home/aghosh01/gcc-arm-none-eabi-4_7-2012q4/bin/../lib/gcc/arm-none-eabi/4.7.3/../../../../arm-none-eabi/lib/armv7e-m/softfp/libg.a(lib_a-__call_atexit.o)
 .text.atexit   0x08005240        0xc /home/aghosh01/gcc-arm-none-eabi-4_7-2012q4/bin/../lib/gcc/arm-none-eabi/4.7.3/../../../../arm-none-eabi/lib/armv7e-m/softfp/libg.a(lib_a-atexit.o)
                0x08005240                atexit
 *(.rodata)
 *(.rodata*)
 .rodata.str1.4
                0x0800524c        0x4 /home/aghosh01/gcc-arm-none-eabi-4_7-2012q4/bin/../lib/gcc/arm-none-eabi/4.7.3/../../../../arm-none-eabi/lib/armv7e-m/softfp/libg.a(lib_a-impure.o)
 .rodata._global_impure_ptr
                0x08005250        0x4 /home/aghosh01/gcc-arm-none-eabi-4_7-2012q4/bin/../lib/gcc/arm-none-eabi/4.7.3/../../../../arm-none-eabi/lib/armv7e-m/softfp/libg.a(lib_a-impure.o)
                0x08005250                _global_impure_ptr
 *(.glue_7)
 .glue_7        0x00000000        0x0 linker stubs
 *(.glue_7t)
 .glue_7t       0x00000000        0x0 linker stubs
 *(.eh_frame)
 .eh_frame      0x08005254        0x0 /home/aghosh01/gcc-arm-none-eabi-4_7-2012q4/bin/../lib/gcc/arm-none-eabi/4.7.3/armv7e-m/softfp/crtbegin.o
 *(.init)
 .init          0x08005254        0x4 /home/aghosh01/gcc-arm-none-eabi-4_7-2012q4/bin/../lib/gcc/arm-none-eabi/4.7.3/armv7e-m/softfp/crti.o
                0x08005254                _init
 .init          0x08005258        0x8 /home/aghosh01/gcc-arm-none-eabi-4_7-2012q4/bin/../lib/gcc/arm-none-eabi/4.7.3/armv7e-m/softfp/crtn.o
 *(.fini)
 .fini          0x08005260        0x4 /home/aghosh01/gcc-arm-none-eabi-4_7-2012q4/bin/../lib/gcc/arm-none-eabi/4.7.3/armv7e-m/softfp/crti.o
                0x08005260                _fini
 .fini          0x08005264        0x8 /home/aghosh01/gcc-arm-none-eabi-4_7-2012q4/bin/../lib/gcc/arm-none-eabi/4.7.3/armv7e-m/softfp/crtn.o
                0x0800526c                . = ALIGN (0x4)
                0x0800526c                _etext = .

.vfp11_veneer   0x0800526c        0x0
 .vfp11_veneer  0x00000000        0x0 linker stubs

.v4_bx          0x0800526c        0x0
 .v4_bx         0x00000000        0x0 linker stubs

.iplt           0x0800526c        0x0
 .iplt          0x00000000        0x0 /home/aghosh01/gcc-arm-none-eabi-4_7-2012q4/bin/../lib/gcc/arm-none-eabi/4.7.3/armv7e-m/softfp/crtbegin.o

.rel.dyn        0x0800526c        0x0
 .rel.iplt      0x00000000        0x0 /home/aghosh01/gcc-arm-none-eabi-4_7-2012q4/bin/../lib/gcc/arm-none-eabi/4.7.3/armv7e-m/softfp/crtbegin.o

.ARM.extab
 *(.ARM.extab* .gnu.linkonce.armextab.*)

.ARM            0x0800526c        0x0
                0x0800526c                __exidx_start = .
 *(.ARM.exidx*)
                0x0800526c                __exidx_end = .

.preinit_array  0x0800526c        0x0
                0x0800526c                PROVIDE (__preinit_array_start, .)
 *(.preinit_array*)
                0x0800526c                PROVIDE (__preinit_array_end, .)

.init_array     0x0800526c        0x8
                0x0800526c                PROVIDE (__init_array_start, .)
 *(SORT(.init_array.*))
 .init_array.00000
                0x0800526c        0x4 /home/aghosh01/gcc-arm-none-eabi-4_7-2012q4/bin/../lib/gcc/arm-none-eabi/4.7.3/../../../../arm-none-eabi/lib/armv7e-m/softfp/libg.a(lib_a-__call_atexit.o)
 *(.init_array*)
 .init_array    0x08005270        0x4 /home/aghosh01/gcc-arm-none-eabi-4_7-2012q4/bin/../lib/gcc/arm-none-eabi/4.7.3/armv7e-m/softfp/crtbegin.o
                0x08005274                PROVIDE (__init_array_end, .)

.fini_array     0x08005274        0x4
                0x08005274                PROVIDE (__fini_array_start, .)
 *(SORT(.fini_array.*))
 *(.fini_array*)
 .fini_array    0x08005274        0x4 /home/aghosh01/gcc-arm-none-eabi-4_7-2012q4/bin/../lib/gcc/arm-none-eabi/4.7.3/armv7e-m/softfp/crtbegin.o
                0x08005278                PROVIDE (__fini_array_end, .)
                0x08005278                _sidata = LOADADDR (.data)

.data           0x20000000      0x468 load address 0x08005278
                0x20000000                . = ALIGN (0x4)
                0x20000000                _sdata = .
 *(.data)
 .data          0x20000000       0x2c ./src/stm32f30x_rcc.o
 .data          0x2000002c       0x14 ./src/system_stm32f30x.o
                0x2000002c                SystemCoreClock
                0x20000030                AHBPrescTable
 *(.data*)
 .data.impure_data
                0x20000040      0x428 /home/aghosh01/gcc-arm-none-eabi-4_7-2012q4/bin/../lib/gcc/arm-none-eabi/4.7.3/../../../../arm-none-eabi/lib/armv7e-m/softfp/libg.a(lib_a-impure.o)
                0x20000468                . = ALIGN (0x4)
                0x20000468                _edata = .
                0x080056e0                _siccmram = LOADADDR (.ccmram)

.jcr            0x20000468        0x0 load address 0x080056e0
 .jcr           0x20000468        0x0 /home/aghosh01/gcc-arm-none-eabi-4_7-2012q4/bin/../lib/gcc/arm-none-eabi/4.7.3/armv7e-m/softfp/crtbegin.o

.igot.plt       0x20000468        0x0 load address 0x080056e0
 .igot.plt      0x00000000        0x0 /home/aghosh01/gcc-arm-none-eabi-4_7-2012q4/bin/../lib/gcc/arm-none-eabi/4.7.3/armv7e-m/softfp/crtbegin.o

.ccmram         0x10000000        0x0 load address 0x080056e0
                0x10000000                . = ALIGN (0x4)
                0x10000000                _sccmram = .
 *(.ccmram)
 *(.ccmram*)
                0x10000000                . = ALIGN (0x4)
                0x10000000                _eccmram = .
                0x10000000                . = ALIGN (0x4)

.bss            0x20000468      0x1f0
                0x20000468                _sbss = .
                0x20000468                __bss_start__ = _sbss
 *(.bss)
 .bss           0x20000468       0x1c /home/aghosh01/gcc-arm-none-eabi-4_7-2012q4/bin/../lib/gcc/arm-none-eabi/4.7.3/armv7e-m/softfp/crtbegin.o
 .bss           0x20000484      0x1d4 ./src/main.o
                0x20000488                led_iter
                0x2000048c                current_process
                0x20000490                process_list
                0x200005b8                pList
                0x2000064c                task1_iter
                0x20000650                task2_iter
                0x20000654                addrVal
 *(.bss*)
 *(COMMON)
                0x20000658                . = ALIGN (0x4)
                0x20000658                _ebss = .
                0x20000658                __bss_end__ = _ebss

._user_heap_stack
                0x20000658      0x200
                0x20000658                . = ALIGN (0x4)
                0x20000658                PROVIDE (end, .)
                0x20000658                PROVIDE (_end, .)
                0x20000658                . = (. + _Min_Heap_Size)
                0x20000858                . = (. + _Min_Stack_Size)
 *fill*         0x20000658      0x200 00
                0x20000858                . = ALIGN (0x4)

.memory_b1_text
 *(.mb1text)
 *(.mb1text*)
 *(.mb1rodata)
 *(.mb1rodata*)

/DISCARD/
 libc.a(*)
 libm.a(*)
 libgcc.a(*)

.ARM.attributes
                0x00000000       0x30
 *(.ARM.attributes)
 .ARM.attributes
                0x00000000       0x24 /home/aghosh01/gcc-arm-none-eabi-4_7-2012q4/bin/../lib/gcc/arm-none-eabi/4.7.3/armv7e-m/softfp/crti.o
 .ARM.attributes
                0x00000024       0x34 /home/aghosh01/gcc-arm-none-eabi-4_7-2012q4/bin/../lib/gcc/arm-none-eabi/4.7.3/armv7e-m/softfp/crtbegin.o
 .ARM.attributes
                0x00000058       0x39 ./src/debug.o
 .ARM.attributes
                0x00000091       0x39 ./src/interrupt_defs.o
 .ARM.attributes
                0x000000ca       0x39 ./src/main.o
 .ARM.attributes
                0x00000103       0x39 ./src/os.o
 .ARM.attributes
                0x0000013c       0x21 ./src/startup_stm32f30x.o
 .ARM.attributes
                0x0000015d       0x39 ./src/stm32f30x_gpio.o
 .ARM.attributes
                0x00000196       0x39 ./src/stm32f30x_misc.o
 .ARM.attributes
                0x000001cf       0x39 ./src/stm32f30x_rcc.o
 .ARM.attributes
                0x00000208       0x39 ./src/stm32f30x_tim.o
 .ARM.attributes
                0x00000241       0x39 ./src/stm32f30x_usart.o
 .ARM.attributes
                0x0000027a       0x39 ./src/system_stm32f30x.o
 .ARM.attributes
                0x000002b3       0x34 /home/aghosh01/gcc-arm-none-eabi-4_7-2012q4/bin/../lib/gcc/arm-none-eabi/4.7.3/../../../../arm-none-eabi/lib/armv7e-m/softfp/libg.a(lib_a-__atexit.o)
 .ARM.attributes
                0x000002e7       0x34 /home/aghosh01/gcc-arm-none-eabi-4_7-2012q4/bin/../lib/gcc/arm-none-eabi/4.7.3/../../../../arm-none-eabi/lib/armv7e-m/softfp/libg.a(lib_a-fini.o)
 .ARM.attributes
                0x0000031b       0x34 /home/aghosh01/gcc-arm-none-eabi-4_7-2012q4/bin/../lib/gcc/arm-none-eabi/4.7.3/../../../../arm-none-eabi/lib/armv7e-m/softfp/libg.a(lib_a-impure.o)
 .ARM.attributes
                0x0000034f       0x34 /home/aghosh01/gcc-arm-none-eabi-4_7-2012q4/bin/../lib/gcc/arm-none-eabi/4.7.3/../../../../arm-none-eabi/lib/armv7e-m/softfp/libg.a(lib_a-__call_atexit.o)
 .ARM.attributes
                0x00000383       0x34 /home/aghosh01/gcc-arm-none-eabi-4_7-2012q4/bin/../lib/gcc/arm-none-eabi/4.7.3/../../../../arm-none-eabi/lib/armv7e-m/softfp/libg.a(lib_a-atexit.o)
 .ARM.attributes
                0x000003b7       0x24 /home/aghosh01/gcc-arm-none-eabi-4_7-2012q4/bin/../lib/gcc/arm-none-eabi/4.7.3/armv7e-m/softfp/crtn.o
OUTPUT(STM32F3x.elf elf32-littlearm)

.debug_info     0x00000000     0x686d
 .debug_info    0x00000000      0x9d3 ./src/debug.o
 .debug_info    0x000009d3      0x3be ./src/interrupt_defs.o
 .debug_info    0x00000d91      0x271 ./src/main.o
 .debug_info    0x00001002      0x7da ./src/os.o
 .debug_info    0x000017dc       0x75 ./src/startup_stm32f30x.o
 .debug_info    0x00001851      0x63f ./src/stm32f30x_gpio.o
 .debug_info    0x00001e90      0x596 ./src/stm32f30x_misc.o
 .debug_info    0x00002426      0xb85 ./src/stm32f30x_rcc.o
 .debug_info    0x00002fab     0x2404 ./src/stm32f30x_tim.o
 .debug_info    0x000053af      0xfe1 ./src/stm32f30x_usart.o
 .debug_info    0x00006390      0x4dd ./src/system_stm32f30x.o

.debug_abbrev   0x00000000      0xe24
 .debug_abbrev  0x00000000      0x14a ./src/debug.o
 .debug_abbrev  0x0000014a      0x113 ./src/interrupt_defs.o
 .debug_abbrev  0x0000025d       0xf3 ./src/main.o
 .debug_abbrev  0x00000350      0x1e5 ./src/os.o
 .debug_abbrev  0x00000535       0x12 ./src/startup_stm32f30x.o
 .debug_abbrev  0x00000547      0x199 ./src/stm32f30x_gpio.o
 .debug_abbrev  0x000006e0      0x12c ./src/stm32f30x_misc.o
 .debug_abbrev  0x0000080c      0x1e8 ./src/stm32f30x_rcc.o
 .debug_abbrev  0x000009f4      0x18c ./src/stm32f30x_tim.o
 .debug_abbrev  0x00000b80      0x15a ./src/stm32f30x_usart.o
 .debug_abbrev  0x00000cda      0x14a ./src/system_stm32f30x.o

.debug_loc      0x00000000     0x344a
 .debug_loc     0x00000000       0xa8 ./src/debug.o
 .debug_loc     0x000000a8      0x134 ./src/interrupt_defs.o
 .debug_loc     0x000001dc       0x84 ./src/main.o
 .debug_loc     0x00000260      0x150 ./src/os.o
 .debug_loc     0x000003b0      0x2d8 ./src/stm32f30x_gpio.o
 .debug_loc     0x00000688      0x118 ./src/stm32f30x_misc.o
 .debug_loc     0x000007a0      0x864 ./src/stm32f30x_rcc.o
 .debug_loc     0x00001004     0x18f0 ./src/stm32f30x_tim.o
 .debug_loc     0x000028f4      0xaba ./src/stm32f30x_usart.o
 .debug_loc     0x000033ae       0x9c ./src/system_stm32f30x.o

.debug_aranges  0x00000000      0x168
 .debug_aranges
                0x00000000       0x20 ./src/debug.o
 .debug_aranges
                0x00000020       0x20 ./src/interrupt_defs.o
 .debug_aranges
                0x00000040       0x20 ./src/main.o
 .debug_aranges
                0x00000060       0x20 ./src/os.o
 .debug_aranges
                0x00000080       0x28 ./src/startup_stm32f30x.o
 .debug_aranges
                0x000000a8       0x20 ./src/stm32f30x_gpio.o
 .debug_aranges
                0x000000c8       0x20 ./src/stm32f30x_misc.o
 .debug_aranges
                0x000000e8       0x20 ./src/stm32f30x_rcc.o
 .debug_aranges
                0x00000108       0x20 ./src/stm32f30x_tim.o
 .debug_aranges
                0x00000128       0x20 ./src/stm32f30x_usart.o
 .debug_aranges
                0x00000148       0x20 ./src/system_stm32f30x.o

.debug_macro    0x00000000     0xe698
 .debug_macro   0x00000000      0x266 ./src/debug.o
 .debug_macro   0x00000266      0x814 ./src/debug.o
 .debug_macro   0x00000a7a       0x4c ./src/debug.o
 .debug_macro   0x00000ac6       0x7b ./src/debug.o
 .debug_macro   0x00000b41       0x3b ./src/debug.o
 .debug_macro   0x00000b7c      0x214 ./src/debug.o
 .debug_macro   0x00000d90       0x18 ./src/debug.o
 .debug_macro   0x00000da8       0x42 ./src/debug.o
 .debug_macro   0x00000dea      0xc91 ./src/debug.o
 .debug_macro   0x00001a7b     0x76cc ./src/debug.o
 .debug_macro   0x00009147      0x5a6 ./src/debug.o
 .debug_macro   0x000096ed      0x3c9 ./src/debug.o
 .debug_macro   0x00009ab6       0x40 ./src/debug.o
 .debug_macro   0x00009af6      0x22b ./src/debug.o
 .debug_macro   0x00009d21      0x190 ./src/debug.o
 .debug_macro   0x00009eb1       0x88 ./src/debug.o
 .debug_macro   0x00009f39      0x3a2 ./src/debug.o
 .debug_macro   0x0000a2db      0x10e ./src/debug.o
 .debug_macro   0x0000a3e9      0x1de ./src/debug.o
 .debug_macro   0x0000a5c7      0x1b0 ./src/debug.o
 .debug_macro   0x0000a777      0x1d9 ./src/debug.o
 .debug_macro   0x0000a950      0x294 ./src/debug.o
 .debug_macro   0x0000abe4       0x6a ./src/debug.o
 .debug_macro   0x0000ac4e      0x106 ./src/debug.o
 .debug_macro   0x0000ad54       0xb2 ./src/debug.o
 .debug_macro   0x0000ae06      0x5c0 ./src/debug.o
 .debug_macro   0x0000b3c6      0x54b ./src/debug.o
 .debug_macro   0x0000b911      0x3a5 ./src/debug.o
 .debug_macro   0x0000bcb6      0x8d2 ./src/debug.o
 .debug_macro   0x0000c588      0x35e ./src/debug.o
 .debug_macro   0x0000c8e6       0x2e ./src/debug.o
 .debug_macro   0x0000c914       0x83 ./src/debug.o
 .debug_macro   0x0000c997       0x10 ./src/debug.o
 .debug_macro   0x0000c9a7      0x256 ./src/interrupt_defs.o
 .debug_macro   0x0000cbfd      0x378 ./src/main.o
 .debug_macro   0x0000cf75      0x311 ./src/main.o
 .debug_macro   0x0000d286       0x10 ./src/main.o
 .debug_macro   0x0000d296       0x16 ./src/main.o
 .debug_macro   0x0000d2ac       0x89 ./src/main.o
 .debug_macro   0x0000d335       0x10 ./src/main.o
 .debug_macro   0x0000d345       0x10 ./src/main.o
 .debug_macro   0x0000d355       0xf5 ./src/main.o
 .debug_macro   0x0000d44a       0x22 ./src/main.o
 .debug_macro   0x0000d46c       0x91 ./src/main.o
 .debug_macro   0x0000d4fd       0x16 ./src/main.o
 .debug_macro   0x0000d513      0x16d ./src/main.o
 .debug_macro   0x0000d680      0x255 ./src/os.o
 .debug_macro   0x0000d8d5      0x226 ./src/stm32f30x_gpio.o
 .debug_macro   0x0000dafb      0x228 ./src/stm32f30x_misc.o
 .debug_macro   0x0000dd23      0x2bf ./src/stm32f30x_rcc.o
 .debug_macro   0x0000dfe2      0x250 ./src/stm32f30x_tim.o
 .debug_macro   0x0000e232      0x23e ./src/stm32f30x_usart.o
 .debug_macro   0x0000e470      0x228 ./src/system_stm32f30x.o

.debug_line     0x00000000     0x3119
 .debug_line    0x00000000      0x449 ./src/debug.o
 .debug_line    0x00000449      0x411 ./src/interrupt_defs.o
 .debug_line    0x0000085a      0x600 ./src/main.o
 .debug_line    0x00000e5a      0x41d ./src/os.o
 .debug_line    0x00001277       0x76 ./src/startup_stm32f30x.o
 .debug_line    0x000012ed      0x415 ./src/stm32f30x_gpio.o
 .debug_line    0x00001702      0x3b5 ./src/stm32f30x_misc.o
 .debug_line    0x00001ab7      0x535 ./src/stm32f30x_rcc.o
 .debug_line    0x00001fec      0x81f ./src/stm32f30x_tim.o
 .debug_line    0x0000280b      0x529 ./src/stm32f30x_usart.o
 .debug_line    0x00002d34      0x3e5 ./src/system_stm32f30x.o

.debug_str      0x00000000    0x59f15
 .debug_str     0x00000000    0x53913 ./src/debug.o
                              0x53b83 (size before relaxing)
 .debug_str     0x00053913      0x14a ./src/interrupt_defs.o
                              0x5333e (size before relaxing)
 .debug_str     0x00053a5d     0x4069 ./src/main.o
                              0x5735d (size before relaxing)
 .debug_str     0x00057ac6      0x15d ./src/os.o
                              0x53879 (size before relaxing)
 .debug_str     0x00057c23      0x271 ./src/stm32f30x_gpio.o
                              0x5339e (size before relaxing)
 .debug_str     0x00057e94      0x11e ./src/stm32f30x_misc.o
                              0x53302 (size before relaxing)
 .debug_str     0x00057fb2      0xa5c ./src/stm32f30x_rcc.o
                              0x53b52 (size before relaxing)
 .debug_str     0x00058a0e      0xd18 ./src/stm32f30x_tim.o
                              0x53f45 (size before relaxing)
 .debug_str     0x00059726      0x760 ./src/stm32f30x_usart.o
                              0x53a26 (size before relaxing)
 .debug_str     0x00059e86       0x8f ./src/system_stm32f30x.o
                              0x5321b (size before relaxing)

.comment        0x00000000       0x70
 .comment       0x00000000       0x70 ./src/debug.o
                                 0x71 (size before relaxing)
 .comment       0x00000000       0x71 ./src/interrupt_defs.o
 .comment       0x00000000       0x71 ./src/main.o
 .comment       0x00000000       0x71 ./src/os.o
 .comment       0x00000000       0x71 ./src/stm32f30x_gpio.o
 .comment       0x00000000       0x71 ./src/stm32f30x_misc.o
 .comment       0x00000000       0x71 ./src/stm32f30x_rcc.o
 .comment       0x00000000       0x71 ./src/stm32f30x_tim.o
 .comment       0x00000000       0x71 ./src/stm32f30x_usart.o
 .comment       0x00000000       0x71 ./src/system_stm32f30x.o

.debug_frame    0x00000000     0x1c24
 .debug_frame   0x00000000       0x70 ./src/debug.o
 .debug_frame   0x00000070       0xd4 ./src/interrupt_defs.o
 .debug_frame   0x00000144       0x64 ./src/main.o
 .debug_frame   0x000001a8       0xc4 ./src/os.o
 .debug_frame   0x0000026c      0x180 ./src/stm32f30x_gpio.o
 .debug_frame   0x000003ec       0x9c ./src/stm32f30x_misc.o
 .debug_frame   0x00000488      0x458 ./src/stm32f30x_rcc.o
 .debug_frame   0x000008e0      0xca4 ./src/stm32f30x_tim.o
 .debug_frame   0x00001584      0x574 ./src/stm32f30x_usart.o
 .debug_frame   0x00001af8       0x64 ./src/system_stm32f30x.o
 .debug_frame   0x00001b5c       0x34 /home/aghosh01/gcc-arm-none-eabi-4_7-2012q4/bin/../lib/gcc/arm-none-eabi/4.7.3/../../../../arm-none-eabi/lib/armv7e-m/softfp/libg.a(lib_a-__atexit.o)
 .debug_frame   0x00001b90       0x2c /home/aghosh01/gcc-arm-none-eabi-4_7-2012q4/bin/../lib/gcc/arm-none-eabi/4.7.3/../../../../arm-none-eabi/lib/armv7e-m/softfp/libg.a(lib_a-fini.o)
 .debug_frame   0x00001bbc       0x48 /home/aghosh01/gcc-arm-none-eabi-4_7-2012q4/bin/../lib/gcc/arm-none-eabi/4.7.3/../../../../arm-none-eabi/lib/armv7e-m/softfp/libg.a(lib_a-__call_atexit.o)
 .debug_frame   0x00001c04       0x20 /home/aghosh01/gcc-arm-none-eabi-4_7-2012q4/bin/../lib/gcc/arm-none-eabi/4.7.3/../../../../arm-none-eabi/lib/armv7e-m/softfp/libg.a(lib_a-atexit.o)

.debug_ranges   0x00000000       0x20
 .debug_ranges  0x00000000       0x20 ./src/startup_stm32f30x.o
